Component: ARM Compiler 5.06 update 6 (build 750) Tool: armlink [4d35ed]

==============================================================================

Section Cross References

    startup_stm32f407xx.o(STACK) refers (Special) to heapauxi.o(.text) for __use_two_region_memory
    startup_stm32f407xx.o(HEAP) refers (Special) to heapauxi.o(.text) for __use_two_region_memory
    startup_stm32f407xx.o(RESET) refers (Special) to heapauxi.o(.text) for __use_two_region_memory
    startup_stm32f407xx.o(RESET) refers to startup_stm32f407xx.o(STACK) for __initial_sp
    startup_stm32f407xx.o(RESET) refers to startup_stm32f407xx.o(.text) for Reset_Handler
    startup_stm32f407xx.o(RESET) refers to stm32f4xx_it.o(i.NMI_Handler) for NMI_Handler
    startup_stm32f407xx.o(RESET) refers to stm32f4xx_it.o(i.HardFault_Handler) for HardFault_Handler
    startup_stm32f407xx.o(RESET) refers to stm32f4xx_it.o(i.MemManage_Handler) for MemManage_Handler
    startup_stm32f407xx.o(RESET) refers to stm32f4xx_it.o(i.BusFault_Handler) for BusFault_Handler
    startup_stm32f407xx.o(RESET) refers to stm32f4xx_it.o(i.UsageFault_Handler) for UsageFault_Handler
    startup_stm32f407xx.o(RESET) refers to stm32f4xx_it.o(i.SVC_Handler) for SVC_Handler
    startup_stm32f407xx.o(RESET) refers to stm32f4xx_it.o(i.DebugMon_Handler) for DebugMon_Handler
    startup_stm32f407xx.o(RESET) refers to stm32f4xx_it.o(i.PendSV_Handler) for PendSV_Handler
    startup_stm32f407xx.o(RESET) refers to stm32f4xx_it.o(i.SysTick_Handler) for SysTick_Handler
    startup_stm32f407xx.o(RESET) refers to stm32f4xx_it.o(i.TIM2_IRQHandler) for TIM2_IRQHandler
    startup_stm32f407xx.o(RESET) refers to stm32f4xx_it.o(i.TIM3_IRQHandler) for TIM3_IRQHandler
    startup_stm32f407xx.o(RESET) refers to stm32f4xx_it.o(i.USART2_IRQHandler) for USART2_IRQHandler
    startup_stm32f407xx.o(.text) refers (Special) to heapauxi.o(.text) for __use_two_region_memory
    startup_stm32f407xx.o(.text) refers to system_stm32f4xx.o(i.SystemInit) for SystemInit
    startup_stm32f407xx.o(.text) refers to __main.o(!!!main) for __main
    startup_stm32f407xx.o(.text) refers to startup_stm32f407xx.o(HEAP) for Heap_Mem
    startup_stm32f407xx.o(.text) refers to startup_stm32f407xx.o(STACK) for Stack_Mem
    serial.o(i.HAL_UART_RxCpltCallback) refers to serial.o(i.SerialParse) for SerialParse
    serial.o(i.HAL_UART_RxCpltCallback) refers to serial.o(.data) for .data
    serial.o(i.HAL_UART_RxCpltCallback) refers to serial.o(.bss) for .bss
    serial.o(i.SerialAcceptReceive) refers to stm32f4xx_hal_uart.o(i.HAL_UART_Receive_IT) for HAL_UART_Receive_IT
    serial.o(i.SerialAcceptReceive) refers to serial.o(.bss) for .bss
    serial.o(i.SerialAcceptReceive) refers to usart.o(.bss) for huart2
    serial.o(i.SerialInit) refers to stm32f4xx_hal_uart.o(i.HAL_UART_Receive_IT) for HAL_UART_Receive_IT
    serial.o(i.SerialInit) refers to serial.o(.bss) for .bss
    serial.o(i.SerialInit) refers to usart.o(.bss) for huart2
    serial.o(i.SerialParse) refers to serial.o(i.subString) for subString
    serial.o(i.SerialParse) refers to serial.o(.data) for .data
    serial.o(i.SerialParse) refers to serial.o(.bss) for .bss
    serial.o(i.SerialWriteComm) refers to h1_alloc.o(.text) for malloc
    serial.o(i.SerialWriteComm) refers to stm32f4xx_hal_uart.o(i.HAL_UART_Transmit) for HAL_UART_Transmit
    serial.o(i.SerialWriteComm) refers to h1_free.o(.text) for free
    serial.o(i.SerialWriteComm) refers to serial.o(.data) for .data
    serial.o(i.SerialWriteComm) refers to usart.o(.bss) for huart2
    serial.o(i.subString) refers to strlen.o(.text) for strlen
    motor.o(i.MotorGetPulse) refers to tim.o(.bss) for htim4
    motor.o(i.MotorInit) refers to stm32f4xx_hal_tim.o(i.HAL_TIM_Base_Start_IT) for HAL_TIM_Base_Start_IT
    motor.o(i.MotorInit) refers to stm32f4xx_hal_tim.o(i.HAL_TIM_PWM_Start) for HAL_TIM_PWM_Start
    motor.o(i.MotorInit) refers to stm32f4xx_hal_tim.o(i.HAL_TIM_Encoder_Start) for HAL_TIM_Encoder_Start
    motor.o(i.MotorInit) refers to pid.o(i.PIDReset) for PIDReset
    motor.o(i.MotorInit) refers to pid.o(i.PIDInit) for PIDInit
    motor.o(i.MotorInit) refers to motor.o(i.MotorSetDir) for MotorSetDir
    motor.o(i.MotorInit) refers to tim.o(.bss) for htim2
    motor.o(i.MotorInit) refers to motor.o(.bss) for .bss
    motor.o(i.MotorMovePos) refers to motor.o(i.ConvertDegToPulse) for ConvertDegToPulse
    motor.o(i.MotorMovePos) refers to pid.o(i.PIDCompute) for PIDCompute
    motor.o(i.MotorMovePos) refers to motor.o(i.MotorSetDuty) for MotorSetDuty
    motor.o(i.MotorMovePos) refers to motor.o(i.MotorSetDutyCW) for MotorSetDutyCW
    motor.o(i.MotorMovePos) refers to motor.o(i.ConvertPulseToDeg) for ConvertPulseToDeg
    motor.o(i.MotorMovePos) refers to stm32f4xx_hal_uart.o(i.HAL_UART_Transmit) for HAL_UART_Transmit
    motor.o(i.MotorMovePos) refers to f2d.o(x$fpl$f2d) for __aeabi_f2d
    motor.o(i.MotorMovePos) refers to daddsub_clz.o(x$fpl$dadd) for __aeabi_dadd
[...]
    i.ConvertDegToPulse                      0x0800047e   Section        0  motor.o(i.ConvertDegToPulse)
    i.ConvertPulseToDeg                      0x080004a0   Section        0  motor.o(i.ConvertPulseToDeg)
    i.DebugMon_Handler                       0x080004c2   Section        0  stm32f4xx_it.o(i.DebugMon_Handler)
    i.Error_Handler                          0x080004c4   Section        0  main.o(i.Error_Handler)
    i.HAL_DMA_Abort                          0x080004c8   Section        0  stm32f4xx_hal_dma.o(i.HAL_DMA_Abort)
    i.HAL_DMA_Abort_IT                       0x0800055a   Section        0  stm32f4xx_hal_dma.o(i.HAL_DMA_Abort_IT)
    i.HAL_GPIO_Init                          0x08000580   Section        0  stm32f4xx_hal_gpio.o(i.HAL_GPIO_Init)
    i.HAL_GPIO_WritePin                      0x08000770   Section        0  stm32f4xx_hal_gpio.o(i.HAL_GPIO_WritePin)
    i.HAL_GetTick                            0x0800077c   Section        0  stm32f4xx_hal.o(i.HAL_GetTick)
    i.HAL_IncTick                            0x08000788   Section        0  stm32f4xx_hal.o(i.HAL_IncTick)
    i.HAL_Init                               0x08000798   Section        0  stm32f4xx_hal.o(i.HAL_Init)
    i.HAL_InitTick                           0x080007cc   Section        0  stm32f4xx_hal.o(i.HAL_InitTick)
    i.HAL_MspInit                            0x0800080c   Section        0  stm32f4xx_hal_msp.o(i.HAL_MspInit)
    i.HAL_NVIC_EnableIRQ                     0x0800083c   Section        0  stm32f4xx_hal_cortex.o(i.HAL_NVIC_EnableIRQ)
    i.HAL_NVIC_SetPriority                   0x08000858   Section        0  stm32f4xx_hal_cortex.o(i.HAL_NVIC_SetPriority)
    i.HAL_NVIC_SetPriorityGrouping           0x08000898   Section        0  stm32f4xx_hal_cortex.o(i.HAL_NVIC_SetPriorityGrouping)
    i.HAL_RCC_ClockConfig                    0x080008bc   Section        0  stm32f4xx_hal_rcc.o(i.HAL_RCC_ClockConfig)
    i.HAL_RCC_GetPCLK1Freq                   0x080009f0   Section        0  stm32f4xx_hal_rcc.o(i.HAL_RCC_GetPCLK1Freq)
    i.HAL_RCC_GetPCLK2Freq                   0x08000a10   Section        0  stm32f4xx_hal_rcc.o(i.HAL_RCC_GetPCLK2Freq)
    i.HAL_RCC_GetSysClockFreq                0x08000a30   Section        0  stm32f4xx_hal_rcc.o(i.HAL_RCC_GetSysClockFreq)
    i.HAL_RCC_OscConfig                      0x08000a90   Section        0  stm32f4xx_hal_rcc.o(i.HAL_RCC_OscConfig)
    i.HAL_SYSTICK_Config                     0x08000dfc   Section        0  stm32f4xx_hal_cortex.o(i.HAL_SYSTICK_Config)
    i.HAL_TIMEx_BreakCallback                0x08000e24   Section        0  stm32f4xx_hal_tim_ex.o(i.HAL_TIMEx_BreakCallback)
    i.HAL_TIMEx_CommutCallback               0x08000e26   Section        0  stm32f4xx_hal_tim_ex.o(i.HAL_TIMEx_CommutCallback)
    i.HAL_TIMEx_MasterConfigSynchronization  0x08000e28   Section        0  stm32f4xx_hal_tim_ex.o(i.HAL_TIMEx_MasterConfigSynchronization)
    i.HAL_TIM_Base_Init                      0x08000eb8   Section        0  stm32f4xx_hal_tim.o(i.HAL_TIM_Base_Init)
    i.HAL_TIM_Base_MspInit                   0x08000f14   Section        0  tim.o(i.HAL_TIM_Base_MspInit)
    i.HAL_TIM_Base_Start_IT                  0x08000f4c   Section        0  stm32f4xx_hal_tim.o(i.HAL_TIM_Base_Start_IT)
    i.HAL_TIM_ConfigClockSource              0x08000fcc   Section        0  stm32f4xx_hal_tim.o(i.HAL_TIM_ConfigClockSource)
    i.HAL_TIM_Encoder_Init                   0x080010a8   Section        0  stm32f4xx_hal_tim.o(i.HAL_TIM_Encoder_Init)
    i.HAL_TIM_Encoder_MspInit                0x0800114c   Section        0  tim.o(i.HAL_TIM_Encoder_MspInit)
    i.HAL_TIM_Encoder_Start                  0x080011b4   Section        0  stm32f4xx_hal_tim.o(i.HAL_TIM_Encoder_Start)
    i.HAL_TIM_IC_CaptureCallback             0x08001242   Section        0  stm32f4xx_hal_tim.o(i.HAL_TIM_IC_CaptureCallback)
    i.HAL_TIM_IRQHandler                     0x08001244   Section        0  stm32f4xx_hal_tim.o(i.HAL_TIM_IRQHandler)
    i.HAL_TIM_MspPostInit                    0x080013ac   Section        0  tim.o(i.HAL_TIM_MspPostInit)
    i.HAL_TIM_OC_DelayElapsedCallback        0x080013fc   Section        0  stm32f4xx_hal_tim.o(i.HAL_TIM_OC_DelayElapsedCallback)
    i.HAL_TIM_PWM_ConfigChannel              0x080013fe   Section        0  stm32f4xx_hal_tim.o(i.HAL_TIM_PWM_ConfigChannel)
    i.HAL_TIM_PWM_Init                       0x080014ca   Section        0  stm32f4xx_hal_tim.o(i.HAL_TIM_PWM_Init)
    i.HAL_TIM_PWM_MspInit                    0x08001524   Section        0  tim.o(i.HAL_TIM_PWM_MspInit)
    i.HAL_TIM_PWM_PulseFinishedCallback      0x08001560   Section        0  stm32f4xx_hal_tim.o(i.HAL_TIM_PWM_PulseFinishedCallback)
    i.HAL_TIM_PWM_Start                      0x08001564   Section        0  stm32f4xx_hal_tim.o(i.HAL_TIM_PWM_Start)
    i.HAL_TIM_PWM_Start_IT                   0x0800162c   Section        0  stm32f4xx_hal_tim.o(i.HAL_TIM_PWM_Start_IT)
    i.HAL_TIM_PeriodElapsedCallback          0x08001720   Section        0  main.o(i.HAL_TIM_PeriodElapsedCallback)
    i.HAL_TIM_TriggerCallback                0x08001788   Section        0  stm32f4xx_hal_tim.o(i.HAL_TIM_TriggerCallback)
    i.HAL_UARTEx_RxEventCallback             0x0800178a   Section        0  stm32f4xx_hal_uart.o(i.HAL_UARTEx_RxEventCallback)
    i.HAL_UART_ErrorCallback                 0x0800178c   Section        0  stm32f4xx_hal_uart.o(i.HAL_UART_ErrorCallback)
    i.HAL_UART_IRQHandler                    0x08001790   Section        0  stm32f4xx_hal_uart.o(i.HAL_UART_IRQHandler)
    i.HAL_UART_Init                          0x080019f8   Section        0  stm32f4xx_hal_uart.o(i.HAL_UART_Init)
    i.HAL_UART_MspInit                       0x08001a5c   Section        0  usart.o(i.HAL_UART_MspInit)
    i.HAL_UART_Receive_IT                    0x08001ad4   Section        0  stm32f4xx_hal_uart.o(i.HAL_UART_Receive_IT)
    i.HAL_UART_RxCpltCallback                0x08001b00   Section        0  serial.o(i.HAL_UART_RxCpltCallback)
    i.HAL_UART_Transmit                      0x08001b24   Section        0  stm32f4xx_hal_uart.o(i.HAL_UART_Transmit)
    i.HAL_UART_TxCpltCallback                0x08001bd6   Section        0  stm32f4xx_hal_uart.o(i.HAL_UART_TxCpltCallback)
    i.HardFault_Handler                      0x08001bd8   Section        0  stm32f4xx_it.o(i.HardFault_Handler)
    i.MX_GPIO_Init                           0x08001bdc   Section        0  gpio.o(i.MX_GPIO_Init)
    i.MX_TIM2_Init                           0x08001c80   Section        0  tim.o(i.MX_TIM2_Init)
    i.MX_TIM3_Init                           0x08001ce4   Section        0  tim.o(i.MX_TIM3_Init)
    i.MX_TIM4_Init                           0x08001d68   Section        0  tim.o(i.MX_TIM4_Init)
    i.MX_USART2_UART_Init                    0x08001dd4   Section        0  usart.o(i.MX_USART2_UART_Init)
    i.MemManage_Handler                      0x08001e0c   Section        0  stm32f4xx_it.o(i.MemManage_Handler)
    i.MotorInit                              0x08001e10   Section        0  motor.o(i.MotorInit)
    i.MotorMovePos                           0x08001e70   Section        0  motor.o(i.MotorMovePos)
    i.MotorSetDir                            0x08001f60   Section        0  motor.o(i.MotorSetDir)
    i.MotorSetDuty                           0x08001f80   Section        0  motor.o(i.MotorSetDuty)
    i.MotorSetDutyCW                         0x08001f98   Section        0  motor.o(i.MotorSetDutyCW)
    i.MotorTuning                            0x08001fb0   Section        0  motor.o(i.MotorTuning)
    i.NMI_Handler                            0x0800203c   Section        0  stm32f4xx_it.o(i.NMI_Handler)
    i.PIDCompute                             0x08002040   Section        0  pid.o(i.PIDCompute)
    i.PIDInit                                0x080020b4   Section        0  pid.o(i.PIDInit)
    i.PIDReset                               0x080020dc   Section        0  pid.o(i.PIDReset)
    i.PIDSpeed                               0x080020f8   Section        0  pid.o(i.PIDSpeed)
    i.PendSV_Handler                         0x080021d4   Section        0  stm32f4xx_it.o(i.PendSV_Handler)
    i.SVC_Handler                            0x080021d6   Section        0  stm32f4xx_it.o(i.SVC_Handler)
    i.SerialAcceptReceive                    0x080021d8   Section        0  serial.o(i.SerialAcceptReceive)
    i.SerialInit                             0x080021ec   Section        0  serial.o(i.SerialInit)
    i.SerialParse                            0x08002200   Section        0  serial.o(i.SerialParse)
    i.StrCompare                             0x08002260   Section        0  serial.o(i.StrCompare)
    i.SysTick_Handler                        0x0800227c   Section        0  stm32f4xx_it.o(i.SysTick_Handler)
    i.SystemClock_Config                     0x08002280   Section        0  main.o(i.SystemClock_Config)
    i.SystemInit                             0x08002318   Section        0  system_stm32f4xx.o(i.SystemInit)
    i.TIM2_IRQHandler                        0x08002328   Section        0  stm32f4xx_it.o(i.TIM2_IRQHandler)
    i.TIM3_IRQHandler                        0x08002334   Section        0  stm32f4xx_it.o(i.TIM3_IRQHandler)
    i.TIM_Base_SetConfig                     0x08002340   Section        0  stm32f4xx_hal_tim.o(i.TIM_Base_SetConfig)
    i.TIM_CCxChannelCmd                      0x08002408   Section        0  stm32f4xx_hal_tim.o(i.TIM_CCxChannelCmd)
    i.TIM_ETR_SetConfig                      0x08002422   Section        0  stm32f4xx_hal_tim.o(i.TIM_ETR_SetConfig)
    i.TIM_ITRx_SetConfig                     0x08002436   Section        0  stm32f4xx_hal_tim.o(i.TIM_ITRx_SetConfig)
    TIM_ITRx_SetConfig                       0x08002437   Thumb Code    16  stm32f4xx_hal_tim.o(i.TIM_ITRx_SetConfig)
    i.TIM_OC1_SetConfig                      0x08002448   Section        0  stm32f4xx_hal_tim.o(i.TIM_OC1_SetConfig)
    TIM_OC1_SetConfig                        0x08002449   Thumb Code    88  stm32f4xx_hal_tim.o(i.TIM_OC1_SetConfig)
    i.TIM_OC2_SetConfig                      0x080024a8   Section        0  stm32f4xx_hal_tim.o(i.TIM_OC2_SetConfig)
    i.TIM_OC3_SetConfig                      0x08002514   Section        0  stm32f4xx_hal_tim.o(i.TIM_OC3_SetConfig)
    TIM_OC3_SetConfig                        0x08002515   Thumb Code    96  stm32f4xx_hal_tim.o(i.TIM_OC3_SetConfig)
    i.TIM_OC4_SetConfig                      0x0800257c   Section        0  stm32f4xx_hal_tim.o(i.TIM_OC4_SetConfig)
    TIM_OC4_SetConfig                        0x0800257d   Thumb Code    70  stm32f4xx_hal_tim.o(i.TIM_OC4_SetConfig)
    i.TIM_TI1_ConfigInputStage               0x080025cc   Section        0  stm32f4xx_hal_tim.o(i.TIM_TI1_ConfigInputStage)
    TIM_TI1_ConfigInputStage                 0x080025cd   Thumb Code    34  stm32f4xx_hal_tim.o(i.TIM_TI1_ConfigInputStage)
    i.TIM_TI2_ConfigInputStage               0x080025ee   Section        0  stm32f4xx_hal_tim.o(i.TIM_TI2_ConfigInputStage)
    TIM_TI2_ConfigInputStage                 0x080025ef   Thumb Code    36  stm32f4xx_hal_tim.o(i.TIM_TI2_ConfigInputStage)
    i.UART_DMAAbortOnError                   0x08002612   Section        0  stm32f4xx_hal_uart.o(i.UART_DMAAbortOnError)
    UART_DMAAbortOnError                     0x08002613   Thumb Code    16  stm32f4xx_hal_uart.o(i.UART_DMAAbortOnError)
    i.UART_EndRxTransfer                     0x08002622   Section        0  stm32f4xx_hal_uart.o(i.UART_EndRxTransfer)
    UART_EndRxTransfer                       0x08002623   Thumb Code    78  stm32f4xx_hal_uart.o(i.UART_EndRxTransfer)
    i.UART_Receive_IT                        0x08002670   Section        0  stm32f4xx_hal_uart.o(i.UART_Receive_IT)
    UART_Receive_IT                          0x08002671   Thumb Code   192  stm32f4xx_hal_uart.o(i.UART_Receive_IT)
    i.UART_SetConfig                         0x08002730   Section        0  stm32f4xx_hal_uart.o(i.UART_SetConfig)
    UART_SetConfig                           0x08002731   Thumb Code   258  stm32f4xx_hal_uart.o(i.UART_SetConfig)
    i.UART_Start_Receive_IT                  0x0800283c   Section        0  stm32f4xx_hal_uart.o(i.UART_Start_Receive_IT)
    i.UART_WaitOnFlagUntilTimeout            0x08002872   Section        0  stm32f4xx_hal_uart.o(i.UART_WaitOnFlagUntilTimeout)
    UART_WaitOnFlagUntilTimeout              0x08002873   Thumb Code   120  stm32f4xx_hal_uart.o(i.UART_WaitOnFlagUntilTimeout)
    i.USART2_IRQHandler                      0x080028ec   Section        0  stm32f4xx_it.o(i.USART2_IRQHandler)
    i.UsageFault_Handler                     0x080028f8   Section        0  stm32f4xx_it.o(i.UsageFault_Handler)
    i.__ARM_fpclassify                       0x080028fa   Section        0  fpclassify.o(i.__ARM_fpclassify)
    i.__NVIC_SetPriority                     0x0800292a   Section        0  stm32f4xx_hal_cortex.o(i.__NVIC_SetPriority)
    __NVIC_SetPriority                       0x0800292b   Thumb Code    32  stm32f4xx_hal_cortex.o(i.__NVIC_SetPriority)
    i.__hardfp_pow                           0x08002950   Section        0  pow.o(i.__hardfp_pow)
    i.__hardfp_round                         0x080035a0   Section        0  round.o(i.__hardfp_round)
    i.__kernel_poly                          0x08003680   Section        0  poly.o(i.__kernel_poly)
    i.__mathlib_dbl_divzero                  0x08003778   Section        0  dunder.o(i.__mathlib_dbl_divzero)
    i.__mathlib_dbl_infnan2                  0x080037a8   Section        0  dunder.o(i.__mathlib_dbl_infnan2)
    i.__mathlib_dbl_invalid                  0x080037c0   Section        0  dunder.o(i.__mathlib_dbl_invalid)
    i.__mathlib_dbl_overflow                 0x080037e0   Section        0  dunder.o(i.__mathlib_dbl_overflow)
    i.__mathlib_dbl_underflow                0x08003800   Section        0  dunder.o(i.__mathlib_dbl_underflow)
    i.fabs                                   0x08003820   Section        0  fabs.o(i.fabs)
    i.main                                   0x08003838   Section        0  main.o(i.main)
    i.sqrt                                   0x08003cda   Section        0  sqrt.o(i.sqrt)
    i.subString                              0x08003d48   Section        0  serial.o(i.subString)
    x$fpl$basic                              0x08003d6a   Section       24  basic.o(x$fpl$basic)
    $v0                                      0x08003d6a   Number         0  basic.o(x$fpl$basic)
    x$fpl$d2f                                0x08003d84   Section       98  d2f.o(x$fpl$d2f)
    $v0                                      0x08003d84   Number         0  d2f.o(x$fpl$d2f)
    x$fpl$dadd                               0x08003de8   Section      336  daddsub_clz.o(x$fpl$dadd)
    $v0                                      0x08003de8   Number         0  daddsub_clz.o(x$fpl$dadd)
    _dadd1                                   0x08003df9   Thumb Code     0  daddsub_clz.o(x$fpl$dadd)
    x$fpl$dcheck1                            0x08003f38   Section       16  dcheck1.o(x$fpl$dcheck1)
    $v0                                      0x08003f38   Number         0  dcheck1.o(x$fpl$dcheck1)
    x$fpl$dcmpinf                            0x08003f48   Section       24  dcmpi.o(x$fpl$dcmpinf)
    $v0                                      0x08003f48   Number         0  dcmpi.o(x$fpl$dcmpinf)
    x$fpl$ddiv                               0x08003f60   Section      688  ddiv.o(x$fpl$ddiv)
    $v0                                      0x08003f60   Number         0  ddiv.o(x$fpl$ddiv)
    ddiv_entry                               0x08003f67   Thumb Code     0  ddiv.o(x$fpl$ddiv)
    x$fpl$dflt                               0x08004210   Section       46  dflt_clz.o(x$fpl$dflt)
    $v0                                      0x08004210   Number         0  dflt_clz.o(x$fpl$dflt)
    x$fpl$dfltu                              0x0800423e   Section       38  dflt_clz.o(x$fpl$dfltu)
    $v0                                      0x0800423e   Number         0  dflt_clz.o(x$fpl$dfltu)
    x$fpl$dleqf                              0x08004264   Section      120  dleqf.o(x$fpl$dleqf)
    $v0                                      0x08004264   Number         0  dleqf.o(x$fpl$dleqf)
    x$fpl$dmul                               0x080042dc   Section      340  dmul.o(x$fpl$dmul)
    $v0                                      0x080042dc   Number         0  dmul.o(x$fpl$dmul)
    x$fpl$dnaninf                            0x08004430   Section      156  dnaninf.o(x$fpl$dnaninf)
    $v0                                      0x08004430   Number         0  dnaninf.o(x$fpl$dnaninf)
    x$fpl$dretinf                            0x080044cc   Section       12  dretinf.o(x$fpl$dretinf)
    $v0                                      0x080044cc   Number         0  dretinf.o(x$fpl$dretinf)
    x$fpl$drleqf                             0x080044d8   Section      108  drleqf.o(x$fpl$drleqf)
    $v0                                      0x080044d8   Number         0  drleqf.o(x$fpl$drleqf)
    x$fpl$drnd                               0x08004544   Section      180  drnd.o(x$fpl$drnd)
    $v0                                      0x08004544   Number         0  drnd.o(x$fpl$drnd)
    x$fpl$drsb                               0x080045f8   Section       22  daddsub_clz.o(x$fpl$drsb)
    $v0                                      0x080045f8   Number         0  daddsub_clz.o(x$fpl$drsb)
    x$fpl$dsqrt                              0x08004610   Section      408  dsqrt_umaal.o(x$fpl$dsqrt)
    $v0                                      0x08004610   Number         0  dsqrt_umaal.o(x$fpl$dsqrt)
    x$fpl$dsub                               0x080047a8   Section      468  daddsub_clz.o(x$fpl$dsub)
    $v0                                      0x080047a8   Number         0  daddsub_clz.o(x$fpl$dsub)
    _dsub1                                   0x080047b9   Thumb Code     0  daddsub_clz.o(x$fpl$dsub)
    x$fpl$f2d                                0x0800497c   Section       86  f2d.o(x$fpl$f2d)
    $v0                                      0x0800497c   Number         0  f2d.o(x$fpl$f2d)
    x$fpl$fnaninf                            0x080049d2   Section      140  fnaninf.o(x$fpl$fnaninf)
    $v0                                      0x080049d2   Number         0  fnaninf.o(x$fpl$fnaninf)
    x$fpl$fpinit                             0x08004a5e   Section       10  fpinit.o(x$fpl$fpinit)
    $v0                                      0x08004a5e   Number         0  fpinit.o(x$fpl$fpinit)
    x$fpl$fretinf                            0x08004a68   Section       10  fretinf.o(x$fpl$fretinf)
    $v0                                      0x08004a68   Number         0  fretinf.o(x$fpl$fretinf)
    x$fpl$retnan                             0x08004a72   Section      100  retnan.o(x$fpl$retnan)
    $v0                                      0x08004a72   Number         0  retnan.o(x$fpl$retnan)
    x$fpl$scalbn                             0x08004ad6   Section       92  scalbn.o(x$fpl$scalbn)
    $v0                                      0x08004ad6   Number         0  scalbn.o(x$fpl$scalbn)
    x$fpl$trapveneer                         0x08004b32   Section       48  trapv.o(x$fpl$trapveneer)
    $v0                                      0x08004b32   Number         0  trapv.o(x$fpl$trapveneer)
    .constdata                               0x08004b62   Section       16  system_stm32f4xx.o(.constdata)
    x$fpl$usenofp                            0x08004b62   Section        0  usenofp.o(x$fpl$usenofp)
    .constdata                               0x08004b72   Section        8  system_stm32f4xx.o(.constdata)
    .constdata                               0x08004b80   Section      136  pow.o(.constdata)
    bp                                       0x08004b80   Data          16  pow.o(.constdata)
    dp_h                                     0x08004b90   Data          16  pow.o(.constdata)
    dp_l                                     0x08004ba0   Data          16  pow.o(.constdata)
    L                                        0x08004bb0   Data          48  pow.o(.constdata)
    P                                        0x08004be0   Data          40  pow.o(.constdata)
    .constdata                               0x08004c08   Section        8  qnan.o(.constdata)
    .data                                    0x20000000   Section       19  serial.o(.data)
    .data                                    0x20000014   Section       20  motor.o(.data)
    .data                                    0x20000028   Section       12  pid.o(.data)
    .data                                    0x20000034   Section       36  main.o(.data)
    .data                                    0x20000058   Section       12  stm32f4xx_hal.o(.data)
    .data                                    0x20000064   Section        4  system_stm32f4xx.o(.data)
    .bss                                     0x20000068   Section       18  serial.o(.bss)
    .bss                                     0x2000007c   Section     4080  motor.o(.bss)
    .bss                                     0x2000106c   Section      216  tim.o(.bss)
    .bss                                     0x20001144   Section       68  usart.o(.bss)
    .bss                                     0x20001188   Section       96  libspace.o(.bss)
    HEAP                                     0x200011e8   Section      512  startup_stm32f407xx.o(HEAP)
    Heap_Mem                                 0x200011e8   Data         512  startup_stm32f407xx.o(HEAP)
    STACK                                    0x200013e8   Section     1024  startup_stm32f407xx.o(STACK)
    Stack_Mem                                0x200013e8   Data        1024  startup_stm32f407xx.o(STACK)
    __initial_sp                             0x200017e8   Data           0  startup_stm32f407xx.o(STACK)

    Global Symbols

    Symbol Name                              Value     Ov Type        Size  Object(Section)

    BuildAttributes$$THM_ISAv4$E$P$D$K$B$S$7EM$VFPi3$EXTD16$VFPS$VFMA$PE$A:L22UL41UL21$X:L11$S22US41US21$IEEE1$IW$USESV6$~STKCKD$USESV7$~SHL$OTIME$ROPI$IEEEX$EBA8$UX$STANDARDLIB$REQ8$PRES8$EABIv2 0x00000000   Number         0  anon$$obj.o ABSOLUTE
    __ARM_use_no_argv                        0x00000000   Number         0  main.o ABSOLUTE
    __ARM_exceptions_init                     - Undefined Weak Reference
    __alloca_initialize                       - Undefined Weak Reference
    __arm_preinit_                            - Undefined Weak Reference
    __cpp_initialize__aeabi_                  - Undefined Weak Reference
    __cxa_finalize                            - Undefined Weak Reference
    __rt_locale                               - Undefined Weak Reference
    __sigvec_lookup                           - Undefined Weak Reference
    __user_heap_extent                        - Undefined Weak Reference
    _atexit_init                              - Undefined Weak Reference
    _call_atexit_fns                          - Undefined Weak Reference
    _clock_init                               - Undefined Weak Reference
    _fp_trap_init                             - Undefined Weak Reference
    _fp_trap_shutdown                         - Undefined Weak Reference
    _get_lc_collate                           - Undefined Weak Reference
    _get_lc_ctype                             - Undefined Weak Reference
    _get_lc_monetary                          - Undefined Weak Reference
    _get_lc_numeric                           - Undefined Weak Reference
    _get_lc_time                              - Undefined Weak Reference
    _getenv_init                              - Undefined Weak Reference
    _handle_redirection                       - Undefined Weak Reference
    _initio                                   - Undefined Weak Reference
    _mutex_acquire                            - Undefined Weak Reference
    _mutex_free                               - Undefined Weak Reference
    _mutex_release                            - Undefined Weak Reference
    _rand_init                                - Undefined Weak Reference
    _signal_finish                            - Undefined Weak Reference
    _signal_init                              - Undefined Weak Reference
    _terminateio                              - Undefined Weak Reference
    __Vectors_Size                           0x00000188   Number         0  startup_stm32f407xx.o ABSOLUTE
    __Vectors                                0x08000000   Data           4  startup_stm32f407xx.o(RESET)
    __Vectors_End                            0x08000188   Data           0  startup_stm32f407xx.o(RESET)
    __main                                   0x08000189   Thumb Code     8  __main.o(!!!main)
    __scatterload                            0x08000191   Thumb Code     0  __scatter.o(!!!scatter)
    __scatterload_rt2                        0x08000191   Thumb Code    44  __scatter.o(!!!scatter)
    __scatterload_rt2_thumb_only             0x08000191   Thumb Code     0  __scatter.o(!!!scatter)
    __scatterload_null                       0x0800019f   Thumb Code     0  __scatter.o(!!!scatter)
    __scatterload_copy                       0x080001c5   Thumb Code    26  __scatter_copy.o(!!handler_copy)
    __scatterload_zeroinit                   0x080001e1   Thumb Code    28  __scatter_zi.o(!!handler_zi)
    __rt_lib_init                            0x080001fd   Thumb Code     0  libinit.o(.ARM.Collect$$libinit$$00000000)
    __rt_lib_init_fp_1                       0x080001ff   Thumb Code     0  libinit2.o(.ARM.Collect$$libinit$$00000001)
    __rt_lib_init_alloca_1                   0x08000203   Thumb Code     0  libinit2.o(.ARM.Collect$$libinit$$0000002E)
    __rt_lib_init_argv_1                     0x08000203   Thumb Code     0  libinit2.o(.ARM.Collect$$libinit$$0000002C)
    __rt_lib_init_atexit_1                   0x08000203   Thumb Code     0  libinit2.o(.ARM.Collect$$libinit$$0000001B)
    __rt_lib_init_clock_1                    0x08000203   Thumb Code     0  libinit2.o(.ARM.Collect$$libinit$$00000021)
    __rt_lib_init_cpp_1                      0x08000203   Thumb Code     0  libinit2.o(.ARM.Collect$$libinit$$00000032)
    __rt_lib_init_exceptions_1               0x08000203   Thumb Code     0  libinit2.o(.ARM.Collect$$libinit$$00000030)
    __rt_lib_init_fp_trap_1                  0x08000203   Thumb Code     0  libinit2.o(.ARM.Collect$$libinit$$0000001F)
    __rt_lib_init_getenv_1                   0x08000203   Thumb Code     0  libinit2.o(.ARM.Collect$$libinit$$00000023)
    __rt_lib_init_heap_1                     0x08000203   Thumb Code     0  libinit2.o(.ARM.Collect$$libinit$$0000000A)
    __rt_lib_init_lc_collate_1               0x08000203   Thumb Code     0  libinit2.o(.ARM.Collect$$libinit$$00000011)
    __rt_lib_init_lc_ctype_1                 0x08000203   Thumb Code     0  libinit2.o(.ARM.Collect$$libinit$$00000013)
    __rt_lib_init_lc_monetary_1              0x08000203   Thumb Code     0  libinit2.o(.ARM.Collect$$libinit$$00000015)
    __rt_lib_init_lc_numeric_1               0x08000203   Thumb Code     0  libinit2.o(.ARM.Collect$$libinit$$00000017)
    __rt_lib_init_lc_time_1                  0x08000203   Thumb Code     0  libinit2.o(.ARM.Collect$$libinit$$00000019)
    __rt_lib_init_preinit_1                  0x08000203   Thumb Code     0  libinit2.o(.ARM.Collect$$libinit$$00000004)
    __rt_lib_init_rand_1                     0x08000203   Thumb Code     0  libinit2.o(.ARM.Collect$$libinit$$0000000E)
    __rt_lib_init_return                     0x08000203   Thumb Code     0  libinit2.o(.ARM.Collect$$libinit$$00000033)
    __rt_lib_init_signal_1                   0x08000203   Thumb Code     0  libinit2.o(.ARM.Collect$$libinit$$0000001D)
    __rt_lib_init_stdio_1                    0x08000203   Thumb Code     0  libinit2.o(.ARM.Collect$$libinit$$00000025)
    __rt_lib_init_user_alloc_1               0x08000203   Thumb Code     0  libinit2.o(.ARM.Collect$$libinit$$0000000C)
    __rt_lib_shutdown                        0x08000205   Thumb Code     0  libshutdown.o(.ARM.Collect$$libshutdown$$00000000)
    __rt_lib_shutdown_cpp_1                  0x08000207   Thumb Code     0  libshutdown2.o(.ARM.Collect$$libshutdown$$00000002)
    __rt_lib_shutdown_fp_trap_1              0x08000207   Thumb Code     0  libshutdown2.o(.ARM.Collect$$libshutdown$$00000007)
    __rt_lib_shutdown_heap_1                 0x08000207   Thumb Code     0  libshutdown2.o(.ARM.Collect$$libshutdown$$0000000F)
    __rt_lib_shutdown_return                 0x08000207   Thumb Code     0  libshutdown2.o(.ARM.Collect$$libshutdown$$00000010)
    __rt_lib_shutdown_signal_1               0x08000207   Thumb Code     0  libshutdown2.o(.ARM.Collect$$libshutdown$$0000000A)
    __rt_lib_shutdown_stdio_1                0x08000207   Thumb Code     0  libshutdown2.o(.ARM.Collect$$libshutdown$$00000004)
    __rt_lib_shutdown_user_alloc_1           0x08000207   Thumb Code     0  libshutdown2.o(.ARM.Collect$$libshutdown$$0000000C)
    __rt_entry                               0x08000209   Thumb Code     0  __rtentry.o(.ARM.Collect$$rtentry$$00000000)
    __rt_entry_presh_1                       0x08000209   Thumb Code     0  __rtentry2.o(.ARM.Collect$$rtentry$$00000002)
    __rt_entry_sh                            0x08000209   Thumb Code     0  __rtentry4.o(.ARM.Collect$$rtentry$$00000004)
    __rt_entry_li                            0x0800020f   Thumb Code     0  __rtentry2.o(.ARM.Collect$$rtentry$$0000000A)
    __rt_entry_postsh_1                      0x0800020f   Thumb Code     0  __rtentry2.o(.ARM.Collect$$rtentry$$00000009)
    __rt_entry_main                          0x08000213   Thumb Code     0  __rtentry2.o(.ARM.Collect$$rtentry$$0000000D)
    __rt_entry_postli_1                      0x08000213   Thumb Code     0  __rtentry2.o(.ARM.Collect$$rtentry$$0000000C)
    __rt_exit                                0x0800021b   Thumb Code     0  rtexit.o(.ARM.Collect$$rtexit$$00000000)
    __rt_exit_ls                             0x0800021d   Thumb Code     0  rtexit2.o(.ARM.Collect$$rtexit$$00000003)
    __rt_exit_prels_1                        0x0800021d   Thumb Code     0  rtexit2.o(.ARM.Collect$$rtexit$$00000002)
    __rt_exit_exit                           0x08000221   Thumb Code     0  rtexit2.o(.ARM.Collect$$rtexit$$00000004)
    Reset_Handler                            0x08000229   Thumb Code     8  startup_stm32f407xx.o(.text)
    ADC_IRQHandler                           0x08000243   Thumb Code     0  startup_stm32f407xx.o(.text)
    CAN1_RX0_IRQHandler                      0x08000243   Thumb Code     0  startup_stm32f407xx.o(.text)
    CAN1_RX1_IRQHandler                      0x08000243   Thumb Code     0  startup_stm32f407xx.o(.text)
    CAN1_SCE_IRQHandler                      0x08000243   Thumb Code     0  startup_stm32f407xx.o(.text)
    CAN1_TX_IRQHandler                       0x08000243   Thumb Code     0  startup_stm32f407xx.o(.text)
    CAN2_RX0_IRQHandler                      0x08000243   Thumb Code     0  startup_stm32f407xx.o(.text)
    CAN2_RX1_IRQHandler                      0x08000243   Thumb Code     0  startup_stm32f407xx.o(.text)
    CAN2_SCE_IRQHandler                      0x08000243   Thumb Code     0  startup_stm32f407xx.o(.text)
    CAN2_TX_IRQHandler                       0x08000243   Thumb Code     0  startup_stm32f407xx.o(.text)
    DCMI_IRQHandler                          0x08000243   Thumb Code     0  startup_stm32f407xx.o(.text)
    DMA1_Stream0_IRQHandler                  0x08000243   Thumb Code     0  startup_stm32f407xx.o(.text)
    DMA1_Stream1_IRQHandler                  0x08000243   Thumb Code     0  startup_stm32f407xx.o(.text)
    DMA1_Stream2_IRQHandler                  0x08000243   Thumb Code     0  startup_stm32f407xx.o(.text)
    DMA1_Stream3_IRQHandler                  0x08000243   Thumb Code     0  startup_stm32f407xx.o(.text)
    DMA1_Stream4_IRQHandler                  0x08000243   Thumb Code     0  startup_stm32f407xx.o(.text)
    DMA1_Stream5_IRQHandler                  0x08000243   Thumb Code     0  startup_stm32f407xx.o(.text)
    DMA1_Stream6_IRQHandler                  0x08000243   Thumb Code     0  startup_stm32f407xx.o(.text)
    DMA1_Stream7_IRQHandler                  0x08000243   Thumb Code     0  startup_stm32f407xx.o(.text)
    DMA2_Stream0_IRQHandler                  0x08000243   Thumb Code     0  startup_stm32f407xx.o(.text)
    DMA2_Stream1_IRQHandler                  0x08000243   Thumb Code     0  startup_stm32f407xx.o(.text)
    DMA2_Stream2_IRQHandler                  0x08000243   Thumb Code     0  startup_stm32f407xx.o(.text)
    DMA2_Stream3_IRQHandler                  0x08000243   Thumb Code     0  startup_stm32f407xx.o(.text)
    DMA2_Stream4_IRQHandler                  0x08000243   Thumb Code     0  startup_stm32f407xx.o(.text)
    DMA2_Stream5_IRQHandler                  0x08000243   Thumb Code     0  startup_stm32f407xx.o(.text)
    DMA2_Stream6_IRQHandler                  0x08000243   Thumb Code     0  startup_stm32f407xx.o(.text)
    DMA2_Stream7_IRQHandler                  0x08000243   Thumb Code     0  startup_stm32f407xx.o(.text)
    ETH_IRQHandler                           0x08000243   Thumb Code     0  startup_stm32f407xx.o(.text)
    ETH_WKUP_IRQHandler                      0x08000243   Thumb Code     0  startup_stm32f407xx.o(.text)
    EXTI0_IRQHandler                         0x08000243   Thumb Code     0  startup_stm32f407xx.o(.text)
    EXTI15_10_IRQHandler                     0x08000243   Thumb Code     0  startup_stm32f407xx.o(.text)
    EXTI1_IRQHandler                         0x08000243   Thumb Code     0  startup_stm32f407xx.o(.text)
    EXTI2_IRQHandler                         0x08000243   Thumb Code     0  startup_stm32f407xx.o(.text)
    EXTI3_IRQHandler                         0x08000243   Thumb Code     0  startup_stm32f407xx.o(.text)
    EXTI4_IRQHandler                         0x08000243   Thumb Code     0  startup_stm32f407xx.o(.text)
    EXTI9_5_IRQHandler                       0x08000243   Thumb Code     0  startup_stm32f407xx.o(.text)
    FLASH_IRQHandler                         0x08000243   Thumb Code     0  startup_stm32f407xx.o(.text)
    FMC_IRQHandler                           0x08000243   Thumb Code     0  startup_stm32f407xx.o(.text)
    FPU_IRQHandler                           0x08000243   Thumb Code     0  startup_stm32f407xx.o(.text)
    HASH_RNG_IRQHandler                      0x08000243   Thumb Code     0  startup_stm32f407xx.o(.text)
    I2C1_ER_IRQHandler                       0x08000243   Thumb Code     0  startup_stm32f407xx.o(.text)
    I2C1_EV_IRQHandler                       0x08000243   Thumb Code     0  startup_stm32f407xx.o(.text)
    I2C2_ER_IRQHandler                       0x08000243   Thumb Code     0  startup_stm32f407xx.o(.text)
    I2C2_EV_IRQHandler                       0x08000243   Thumb Code     0  startup_stm32f407xx.o(.text)
    I2C3_ER_IRQHandler                       0x08000243   Thumb Code     0  startup_stm32f407xx.o(.text)
    I2C3_EV_IRQHandler                       0x08000243   Thumb Code     0  startup_stm32f407xx.o(.text)
    OTG_FS_IRQHandler                        0x08000243   Thumb Code     0  startup_stm32f407xx.o(.text)
    OTG_FS_WKUP_IRQHandler                   0x08000243   Thumb Code     0  startup_stm32f407xx.o(.text)
    OTG_HS_EP1_IN_IRQHandler                 0x08000243   Thumb Code     0  startup_stm32f407xx.o(.text)
    OTG_HS_EP1_OUT_IRQHandler                0x08000243   Thumb Code     0  startup_stm32f407xx.o(.text)
    OTG_HS_IRQHandler                        0x08000243   Thumb Code     0  startup_stm32f407xx.o(.text)
    OTG_HS_WKUP_IRQHandler                   0x08000243   Thumb Code     0  startup_stm32f407xx.o(.text)
    PVD_IRQHandler                           0x08000243   Thumb Code     0  startup_stm32f407xx.o(.text)
    RCC_IRQHandler                           0x08000243   Thumb Code     0  startup_stm32f407xx.o(.text)
    RTC_Alarm_IRQHandler                     0x08000243   Thumb Code     0  startup_stm32f407xx.o(.text)
    RTC_WKUP_IRQHandler                      0x08000243   Thumb Code     0  startup_stm32f407xx.o(.text)
    SDIO_IRQHandler                          0x08000243   Thumb Code     0  startup_stm32f407xx.o(.text)
    SPI1_IRQHandler                          0x08000243   Thumb Code     0  startup_stm32f407xx.o(.text)
    SPI2_IRQHandler                          0x08000243   Thumb Code     0  startup_stm32f407xx.o(.text)
    SPI3_IRQHandler                          0x08000243   Thumb Code     0  startup_stm32f407xx.o(.text)
    TAMP_STAMP_IRQHandler                    0x08000243   Thumb Code     0  startup_stm32f407xx.o(.text)
    TIM1_BRK_TIM9_IRQHandler                 0x08000243   Thumb Code     0  startup_stm32f407xx.o(.text)
    TIM1_CC_IRQHandler                       0x08000243   Thumb Code     0  startup_stm32f407xx.o(.text)
    TIM1_TRG_COM_TIM11_IRQHandler            0x08000243   Thumb Code     0  startup_stm32f407xx.o(.text)
    TIM1_UP_TIM10_IRQHandler                 0x08000243   Thumb Code     0  startup_stm32f407xx.o(.text)
    TIM4_IRQHandler                          0x08000243   Thumb Code     0  startup_stm32f407xx.o(.text)
    TIM5_IRQHandler                          0x08000243   Thumb Code     0  startup_stm32f407xx.o(.text)
    TIM6_DAC_IRQHandler                      0x08000243   Thumb Code     0  startup_stm32f407xx.o(.text)
    TIM7_IRQHandler                          0x08000243   Thumb Code     0  startup_stm32f407xx.o(.text)
    TIM8_BRK_TIM12_IRQHandler                0x08000243   Thumb Code     0  startup_stm32f407xx.o(.text)
    TIM8_CC_IRQHandler                       0x08000243   Thumb Code     0  startup_stm32f407xx.o(.text)
    TIM8_TRG_COM_TIM14_IRQHandler            0x08000243   Thumb Code     0  startup_stm32f407xx.o(.text)
    TIM8_UP_TIM13_IRQHandler                 0x08000243   Thumb Code     0  startup_stm32f407xx.o(.text)
    UART4_IRQHandler                         0x08000243   Thumb Code     0  startup_stm32f407xx.o(.text)
    UART5_IRQHandler                         0x08000243   Thumb Code     0  startup_stm32f407xx.o(.text)
    USART1_IRQHandler                        0x08000243   Thumb Code     0  startup_stm32f407xx.o(.text)
    USART3_IRQHandler                        0x08000243   Thumb Code     0  startup_stm32f407xx.o(.text)
    USART6_IRQHandler                        0x08000243   Thumb Code     0  startup_stm32f407xx.o(.text)
    WWDG_IRQHandler                          0x08000243   Thumb Code     0  startup_stm32f407xx.o(.text)
    __user_initial_stackheap                 0x08000245   Thumb Code     0  startup_stm32f407xx.o(.text)
    __aeabi_uldivmod                         0x08000269   Thumb Code     0  lludivv7m.o(.text)
    _ll_udiv                                 0x08000269   Thumb Code   238  lludivv7m.o(.text)
    strlen                                   0x08000357   Thumb Code    62  strlen.o(.text)
    __aeabi_memclr4                          0x08000395   Thumb Code     0  rt_memclr_w.o(.text)
    __aeabi_memclr8                          0x08000395   Thumb Code     0  rt_memclr_w.o(.text)
    __rt_memclr_w                            0x08000395   Thumb Code    78  rt_memclr_w.o(.text)
    _memset_w                                0x08000399   Thumb Code     0  rt_memclr_w.o(.text)
    __use_two_region_memory                  0x080003e3   Thumb Code     2  heapauxi.o(.text)
    __rt_heap_escrow                         0x080003e5   Thumb Code     2  heapauxi.o(.text)
    __rt_heap_expand                         0x080003e7   Thumb Code     2  heapauxi.o(.text)
    __read_errno                             0x080003e9   Thumb Code    10  _rserrno.o(.text)
    __set_errno                              0x080003f3   Thumb Code    12  _rserrno.o(.text)
    __user_libspace                          0x08000401   Thumb Code     8  libspace.o(.text)
    __user_perproc_libspace                  0x08000401   Thumb Code     0  libspace.o(.text)
    __user_perthread_libspace                0x08000401   Thumb Code     0  libspace.o(.text)
    __aeabi_errno_addr                       0x08000409   Thumb Code     8  rt_errno_addr_intlibspace.o(.text)
    __errno$intlibspace                      0x08000409   Thumb Code     0  rt_errno_addr_intlibspace.o(.text)
    __rt_errno_addr$intlibspace              0x08000409   Thumb Code     0  rt_errno_addr_intlibspace.o(.text)
    __I$use$semihosting                      0x08000411   Thumb Code     0  use_no_semi.o(.text)
    __use_no_semihosting_swi                 0x08000411   Thumb Code     2  use_no_semi.o(.text)
    __semihosting_library_function           0x08000413   Thumb Code     0  indicate_semi.o(.text)
    __user_setup_stackheap                   0x08000413   Thumb Code    74  sys_stackheap_outer.o(.text)
    exit                                     0x0800045d   Thumb Code    18  exit.o(.text)
    _sys_exit                                0x08000471   Thumb Code     8  sys_exit.o(.text)
    BusFault_Handler                         0x0800047d   Thumb Code     2  stm32f4xx_it.o(i.BusFault_Handler)
    ConvertDegToPulse                        0x0800047f   Thumb Code    34  motor.o(i.ConvertDegToPulse)
    ConvertPulseToDeg                        0x080004a1   Thumb Code    34  motor.o(i.ConvertPulseToDeg)
    DebugMon_Handler                         0x080004c3   Thumb Code     2  stm32f4xx_it.o(i.DebugMon_Handler)
    Error_Handler                            0x080004c5   Thumb Code     4  main.o(i.Error_Handler)
    HAL_DMA_Abort                            0x080004c9   Thumb Code   146  stm32f4xx_hal_dma.o(i.HAL_DMA_Abort)
    HAL_DMA_Abort_IT                         0x0800055b   Thumb Code    36  stm32f4xx_hal_dma.o(i.HAL_DMA_Abort_IT)
    HAL_GPIO_Init                            0x08000581   Thumb Code   450  stm32f4xx_hal_gpio.o(i.HAL_GPIO_Init)
    HAL_GPIO_WritePin                        0x08000771   Thumb Code    10  stm32f4xx_hal_gpio.o(i.HAL_GPIO_WritePin)
    HAL_GetTick                              0x0800077d   Thumb Code     6  stm32f4xx_hal.o(i.HAL_GetTick)
    HAL_IncTick                              0x08000789   Thumb Code    12  stm32f4xx_hal.o(i.HAL_IncTick)
    HAL_Init                                 0x08000799   Thumb Code    48  stm32f4xx_hal.o(i.HAL_Init)
    HAL_InitTick                             0x080007cd   Thumb Code    54  stm32f4xx_hal.o(i.HAL_InitTick)
    HAL_MspInit                              0x0800080d   Thumb Code    42  stm32f4xx_hal_msp.o(i.HAL_MspInit)
    HAL_NVIC_EnableIRQ                       0x0800083d   Thumb Code    26  stm32f4xx_hal_cortex.o(i.HAL_NVIC_EnableIRQ)
    HAL_NVIC_SetPriority                     0x08000859   Thumb Code    60  stm32f4xx_hal_cortex.o(i.HAL_NVIC_SetPriority)
    HAL_NVIC_SetPriorityGrouping             0x08000899   Thumb Code    26  stm32f4xx_hal_cortex.o(i.HAL_NVIC_SetPriorityGrouping)
    HAL_RCC_ClockConfig                      0x080008bd   Thumb Code   288  stm32f4xx_hal_rcc.o(i.HAL_RCC_ClockConfig)
    HAL_RCC_GetPCLK1Freq                     0x080009f1   Thumb Code    20  stm32f4xx_hal_rcc.o(i.HAL_RCC_GetPCLK1Freq)
    HAL_RCC_GetPCLK2Freq                     0x08000a11   Thumb Code    20  stm32f4xx_hal_rcc.o(i.HAL_RCC_GetPCLK2Freq)
    HAL_RCC_GetSysClockFreq                  0x08000a31   Thumb Code    88  stm32f4xx_hal_rcc.o(i.HAL_RCC_GetSysClockFreq)
    HAL_RCC_OscConfig                        0x08000a91   Thumb Code   856  stm32f4xx_hal_rcc.o(i.HAL_RCC_OscConfig)
    HAL_SYSTICK_Config                       0x08000dfd   Thumb Code    40  stm32f4xx_hal_cortex.o(i.HAL_SYSTICK_Config)
    HAL_TIMEx_BreakCallback                  0x08000e25   Thumb Code     2  stm32f4xx_hal_tim_ex.o(i.HAL_TIMEx_BreakCallback)
    HAL_TIMEx_CommutCallback                 0x08000e27   Thumb Code     2  stm32f4xx_hal_tim_ex.o(i.HAL_TIMEx_CommutCallback)
    HAL_TIMEx_MasterConfigSynchronization    0x08000e29   Thumb Code   116  stm32f4xx_hal_tim_ex.o(i.HAL_TIMEx_MasterConfigSynchronization)
    HAL_TIM_Base_Init                        0x08000eb9   Thumb Code    90  stm32f4xx_hal_tim.o(i.HAL_TIM_Base_Init)
    HAL_TIM_Base_MspInit                     0x08000f15   Thumb Code    50  tim.o(i.HAL_TIM_Base_MspInit)
    HAL_TIM_Base_Start_IT                    0x08000f4d   Thumb Code   100  stm32f4xx_hal_tim.o(i.HAL_TIM_Base_Start_IT)
    HAL_TIM_ConfigClockSource                0x08000fcd   Thumb Code   220  stm32f4xx_hal_tim.o(i.HAL_TIM_ConfigClockSource)
    HAL_TIM_Encoder_Init                     0x080010a9   Thumb Code   164  stm32f4xx_hal_tim.o(i.HAL_TIM_Encoder_Init)
    HAL_TIM_Encoder_MspInit                  0x0800114d   Thumb Code    90  tim.o(i.HAL_TIM_Encoder_MspInit)
    HAL_TIM_Encoder_Start                    0x080011b5   Thumb Code   142  stm32f4xx_hal_tim.o(i.HAL_TIM_Encoder_Start)
    HAL_TIM_IC_CaptureCallback               0x08001243   Thumb Code     2  stm32f4xx_hal_tim.o(i.HAL_TIM_IC_CaptureCallback)
    HAL_TIM_IRQHandler                       0x08001245   Thumb Code   358  stm32f4xx_hal_tim.o(i.HAL_TIM_IRQHandler)
    HAL_TIM_MspPostInit                      0x080013ad   Thumb Code    68  tim.o(i.HAL_TIM_MspPostInit)
    HAL_TIM_OC_DelayElapsedCallback          0x080013fd   Thumb Code     2  stm32f4xx_hal_tim.o(i.HAL_TIM_OC_DelayElapsedCallback)
    HAL_TIM_PWM_ConfigChannel                0x080013ff   Thumb Code   204  stm32f4xx_hal_tim.o(i.HAL_TIM_PWM_ConfigChannel)
    HAL_TIM_PWM_Init                         0x080014cb   Thumb Code    90  stm32f4xx_hal_tim.o(i.HAL_TIM_PWM_Init)
    HAL_TIM_PWM_MspInit                      0x08001525   Thumb Code    50  tim.o(i.HAL_TIM_PWM_MspInit)
    HAL_TIM_PWM_PulseFinishedCallback        0x08001561   Thumb Code     2  stm32f4xx_hal_tim.o(i.HAL_TIM_PWM_PulseFinishedCallback)
    HAL_TIM_PWM_Start                        0x08001565   Thumb Code   172  stm32f4xx_hal_tim.o(i.HAL_TIM_PWM_Start)
    HAL_TIM_PWM_Start_IT                     0x0800162d   Thumb Code   216  stm32f4xx_hal_tim.o(i.HAL_TIM_PWM_Start_IT)
    HAL_TIM_PeriodElapsedCallback            0x08001721   Thumb Code    84  main.o(i.HAL_TIM_PeriodElapsedCallback)
    HAL_TIM_TriggerCallback                  0x08001789   Thumb Code     2  stm32f4xx_hal_tim.o(i.HAL_TIM_TriggerCallback)
    HAL_UARTEx_RxEventCallback               0x0800178b   Thumb Code     2  stm32f4xx_hal_uart.o(i.HAL_UARTEx_RxEventCallback)
    HAL_UART_ErrorCallback                   0x0800178d   Thumb Code     2  stm32f4xx_hal_uart.o(i.HAL_UART_ErrorCallback)
    HAL_UART_IRQHandler                      0x08001791   Thumb Code   610  stm32f4xx_hal_uart.o(i.HAL_UART_IRQHandler)
    HAL_UART_Init                            0x080019f9   Thumb Code    98  stm32f4xx_hal_uart.o(i.HAL_UART_Init)
    HAL_UART_MspInit                         0x08001a5d   Thumb Code   108  usart.o(i.HAL_UART_MspInit)
    HAL_UART_Receive_IT                      0x08001ad5   Thumb Code    42  stm32f4xx_hal_uart.o(i.HAL_UART_Receive_IT)
    HAL_UART_RxCpltCallback                  0x08001b01   Thumb Code    22  serial.o(i.HAL_UART_RxCpltCallback)
    HAL_UART_Transmit                        0x08001b25   Thumb Code   178  stm32f4xx_hal_uart.o(i.HAL_UART_Transmit)
    HAL_UART_TxCpltCallback                  0x08001bd7   Thumb Code     2  stm32f4xx_hal_uart.o(i.HAL_UART_TxCpltCallback)
    HardFault_Handler                        0x08001bd9   Thumb Code     2  stm32f4xx_it.o(i.HardFault_Handler)
    MX_GPIO_Init                             0x08001bdd   Thumb Code   150  gpio.o(i.MX_GPIO_Init)
    MX_TIM2_Init                             0x08001c81   Thumb Code    96  tim.o(i.MX_TIM2_Init)
    MX_TIM3_Init                             0x08001ce5   Thumb Code   122  tim.o(i.MX_TIM3_Init)
    MX_TIM4_Init                             0x08001d69   Thumb Code    98  tim.o(i.MX_TIM4_Init)
    MX_USART2_UART_Init                      0x08001dd5   Thumb Code    48  usart.o(i.MX_USART2_UART_Init)
    MemManage_Handler                        0x08001e0d   Thumb Code     2  stm32f4xx_it.o(i.MemManage_Handler)
    MotorInit                                0x08001e11   Thumb Code    74  motor.o(i.MotorInit)
    MotorMovePos                             0x08001e71   Thumb Code   196  motor.o(i.MotorMovePos)
    MotorSetDir                              0x08001f61   Thumb Code    26  motor.o(i.MotorSetDir)
    MotorSetDuty                             0x08001f81   Thumb Code    20  motor.o(i.MotorSetDuty)
    MotorSetDutyCW                           0x08001f99   Thumb Code    20  motor.o(i.MotorSetDutyCW)
    MotorTuning                              0x08001fb1   Thumb Code   118  motor.o(i.MotorTuning)
    NMI_Handler                              0x0800203d   Thumb Code     2  stm32f4xx_it.o(i.NMI_Handler)
    PIDCompute                               0x08002041   Thumb Code   112  pid.o(i.PIDCompute)
    PIDInit                                  0x080020b5   Thumb Code    36  pid.o(i.PIDInit)
    PIDReset                                 0x080020dd   Thumb Code    20  pid.o(i.PIDReset)
    PIDSpeed                                 0x080020f9   Thumb Code   192  pid.o(i.PIDSpeed)
    PendSV_Handler                           0x080021d5   Thumb Code     2  stm32f4xx_it.o(i.PendSV_Handler)
    SVC_Handler                              0x080021d7   Thumb Code     2  stm32f4xx_it.o(i.SVC_Handler)
    SerialAcceptReceive                      0x080021d9   Thumb Code    10  serial.o(i.SerialAcceptReceive)
    SerialInit                               0x080021ed   Thumb Code    10  serial.o(i.SerialInit)
    SerialParse                              0x08002201   Thumb Code    86  serial.o(i.SerialParse)
    StrCompare                               0x08002261   Thumb Code    28  serial.o(i.StrCompare)
    SysTick_Handler                          0x0800227d   Thumb Code     4  stm32f4xx_it.o(i.SysTick_Handler)
    SystemClock_Config                       0x08002281   Thumb Code   142  main.o(i.SystemClock_Config)
    SystemInit                               0x08002319   Thumb Code    12  system_stm32f4xx.o(i.SystemInit)
    TIM2_IRQHandler                          0x08002329   Thumb Code     6  stm32f4xx_it.o(i.TIM2_IRQHandler)
    TIM3_IRQHandler                          0x08002335   Thumb Code     6  stm32f4xx_it.o(i.TIM3_IRQHandler)
    TIM_Base_SetConfig                       0x08002341   Thumb Code   156  stm32f4xx_hal_tim.o(i.TIM_Base_SetConfig)
    TIM_CCxChannelCmd                        0x08002409   Thumb Code    26  stm32f4xx_hal_tim.o(i.TIM_CCxChannelCmd)
    TIM_ETR_SetConfig                        0x08002423   Thumb Code    20  stm32f4xx_hal_tim.o(i.TIM_ETR_SetConfig)
    TIM_OC2_SetConfig                        0x080024a9   Thumb Code    98  stm32f4xx_hal_tim.o(i.TIM_OC2_SetConfig)
    UART_Start_Receive_IT                    0x0800283d   Thumb Code    54  stm32f4xx_hal_uart.o(i.UART_Start_Receive_IT)
    USART2_IRQHandler                        0x080028ed   Thumb Code     6  stm32f4xx_it.o(i.USART2_IRQHandler)
    UsageFault_Handler                       0x080028f9   Thumb Code     2  stm32f4xx_it.o(i.UsageFault_Handler)
    __ARM_fpclassify                         0x080028fb   Thumb Code    48  fpclassify.o(i.__ARM_fpclassify)
    __hardfp_pow                             0x08002951   Thumb Code  3072  pow.o(i.__hardfp_pow)
    __hardfp_round                           0x080035a1   Thumb Code   194  round.o(i.__hardfp_round)
    __kernel_poly                            0x08003681   Thumb Code   248  poly.o(i.__kernel_poly)
    __mathlib_dbl_divzero                    0x08003779   Thumb Code    28  dunder.o(i.__mathlib_dbl_divzero)
    __mathlib_dbl_infnan2                    0x080037a9   Thumb Code    20  dunder.o(i.__mathlib_dbl_infnan2)
    __mathlib_dbl_invalid                    0x080037c1   Thumb Code    24  dunder.o(i.__mathlib_dbl_invalid)
    __mathlib_dbl_overflow                   0x080037e1   Thumb Code    24  dunder.o(i.__mathlib_dbl_overflow)
    __mathlib_dbl_underflow                  0x08003801   Thumb Code    24  dunder.o(i.__mathlib_dbl_underflow)
    fabs                                     0x08003821   Thumb Code    24  fabs.o(i.fabs)
    main                                     0x08003839   Thumb Code  1186  main.o(i.main)
    sqrt                                     0x08003cdb   Thumb Code   110  sqrt.o(i.sqrt)
    subString                                0x08003d49   Thumb Code    34  serial.o(i.subString)
    __aeabi_dneg                             0x08003d6b   Thumb Code     0  basic.o(x$fpl$basic)
    _dneg                                    0x08003d6b   Thumb Code     6  basic.o(x$fpl$basic)
    __aeabi_fneg                             0x08003d71   Thumb Code     0  basic.o(x$fpl$basic)
    _fneg                                    0x08003d71   Thumb Code     6  basic.o(x$fpl$basic)
    _dabs                                    0x08003d77   Thumb Code     6  basic.o(x$fpl$basic)
    _fabs                                    0x08003d7d   Thumb Code     6  basic.o(x$fpl$basic)
    __aeabi_d2f                              0x08003d85   Thumb Code     0  d2f.o(x$fpl$d2f)
    _d2f                                     0x08003d85   Thumb Code    98  d2f.o(x$fpl$d2f)
    __aeabi_dadd                             0x08003de9   Thumb Code     0  daddsub_clz.o(x$fpl$dadd)
    _dadd                                    0x08003de9   Thumb Code   332  daddsub_clz.o(x$fpl$dadd)
    __fpl_dcheck_NaN1                        0x08003f39   Thumb Code    10  dcheck1.o(x$fpl$dcheck1)
    __fpl_dcmp_Inf                           0x08003f49   Thumb Code    24  dcmpi.o(x$fpl$dcmpinf)
    __aeabi_ddiv                             0x08003f61   Thumb Code     0  ddiv.o(x$fpl$ddiv)
    _ddiv                                    0x08003f61   Thumb Code   552  ddiv.o(x$fpl$ddiv)
    __aeabi_i2d                              0x08004211   Thumb Code     0  dflt_clz.o(x$fpl$dflt)
    _dflt                                    0x08004211   Thumb Code    46  dflt_clz.o(x$fpl$dflt)
    __aeabi_ui2d                             0x0800423f   Thumb Code     0  dflt_clz.o(x$fpl$dfltu)
    _dfltu                                   0x0800423f   Thumb Code    38  dflt_clz.o(x$fpl$dfltu)
    __aeabi_cdcmple                          0x08004265   Thumb Code     0  dleqf.o(x$fpl$dleqf)
    _dcmple                                  0x08004265   Thumb Code   120  dleqf.o(x$fpl$dleqf)
    __fpl_dcmple_InfNaN                      0x080042c7   Thumb Code     0  dleqf.o(x$fpl$dleqf)
    __aeabi_dmul                             0x080042dd   Thumb Code     0  dmul.o(x$fpl$dmul)
    _dmul                                    0x080042dd   Thumb Code   332  dmul.o(x$fpl$dmul)
    __fpl_dnaninf                            0x08004431   Thumb Code   156  dnaninf.o(x$fpl$dnaninf)
    __fpl_dretinf                            0x080044cd   Thumb Code    12  dretinf.o(x$fpl$dretinf)
    __aeabi_cdrcmple                         0x080044d9   Thumb Code     0  drleqf.o(x$fpl$drleqf)
    _drcmple                                 0x080044d9   Thumb Code   108  drleqf.o(x$fpl$drleqf)
    _drnd                                    0x08004545   Thumb Code   180  drnd.o(x$fpl$drnd)
    __aeabi_drsub                            0x080045f9   Thumb Code     0  daddsub_clz.o(x$fpl$drsb)
    _drsb                                    0x080045f9   Thumb Code    22  daddsub_clz.o(x$fpl$drsb)
    _dsqrt                                   0x08004611   Thumb Code   404  dsqrt_umaal.o(x$fpl$dsqrt)
    __aeabi_dsub                             0x080047a9   Thumb Code     0  daddsub_clz.o(x$fpl$dsub)
    _dsub                                    0x080047a9   Thumb Code   464  daddsub_clz.o(x$fpl$dsub)
    __aeabi_f2d                              0x0800497d   Thumb Code     0  f2d.o(x$fpl$f2d)
    _f2d                                     0x0800497d   Thumb Code    86  f2d.o(x$fpl$f2d)
    __fpl_fnaninf                            0x080049d3   Thumb Code   140  fnaninf.o(x$fpl$fnaninf)
    _fp_init                                 0x08004a5f   Thumb Code    10  fpinit.o(x$fpl$fpinit)
    __fplib_config_fpu_vfp                   0x08004a67   Thumb Code     0  fpinit.o(x$fpl$fpinit)
    __fplib_config_pureend_doubles           0x08004a67   Thumb Code     0  fpinit.o(x$fpl$fpinit)
    __fpl_fretinf                            0x08004a69   Thumb Code    10  fretinf.o(x$fpl$fretinf)
    __fpl_return_NaN                         0x08004a73   Thumb Code   100  retnan.o(x$fpl$retnan)
    __ARM_scalbn                             0x08004ad7   Thumb Code    92  scalbn.o(x$fpl$scalbn)
    __fpl_cmpreturn                          0x08004b33   Thumb Code    48  trapv.o(x$fpl$trapveneer)
    AHBPrescTable                            0x08004b62   Data          16  system_stm32f4xx.o(.constdata)
    __I$use$fp                               0x08004b62   Number         0  usenofp.o(x$fpl$usenofp)
    APBPrescTable                            0x08004b72   Data           8  system_stm32f4xx.o(.constdata)
    __mathlib_zero                           0x08004c08   Data           8  qnan.o(.constdata)
    Region$$Table$$Base                      0x08004c10   Number         0  anon$$obj.o(Region$$Table)
    Region$$Table$$Limit                     0x08004c30   Number         0  anon$$obj.o(Region$$Table)
    g_bDataAvailable                         0x20000000   Data           1  serial.o(.data)
    STX                                      0x20000001   Data           1  serial.o(.data)
    ETX                                      0x20000002   Data           1  serial.o(.data)
    ACK                                      0x20000003   Data           1  serial.o(.data)
    g_nOption                                0x20000004   Data           3  serial.o(.data)
    g_strCommand                             0x20000007   Data           4  serial.o(.data)
    g_nData                                  0x2000000b   Data           8  serial.o(.data)
    tProcess                                 0x20000014   Data           1  motor.o(.data)
    g_nIndex                                 0x20000016   Data           2  motor.o(.data)
    g_nTxData1                               0x20000018   Data           2  motor.o(.data)
    g_nDutyCycle                             0x2000001c   Data           4  motor.o(.data)
    g_nActPulse                              0x20000020   Data           4  motor.o(.data)
    g_nCmdPulse                              0x20000024   Data           4  motor.o(.data)
    g_dPIDError                              0x20000028   Data           4  pid.o(.data)
    error                                    0x2000002c   Data           4  pid.o(.data)
    last_error                               0x20000030   Data           4  pid.o(.data)
    g_nTxData2                               0x20000034   Data           2  main.o(.data)
    b                                        0x20000038   Data           4  main.o(.data)
    last                                     0x2000003c   Data           4  main.o(.data)
    T                                        0x20000040   Data           4  main.o(.data)
    Output                                   0x20000044   Data           4  main.o(.data)
    real_speed                               0x20000048   Data           4  main.o(.data)
    desire_speed                             0x2000004c   Data           4  main.o(.data)
    idx                                      0x20000050   Data           4  main.o(.data)
    rotation                                 0x20000054   Data           4  main.o(.data)
    uwTickFreq                               0x20000058   Data           1  stm32f4xx_hal.o(.data)
    uwTickPrio                               0x2000005c   Data           4  stm32f4xx_hal.o(.data)
    uwTick                                   0x20000060   Data           4  stm32f4xx_hal.o(.data)
    SystemCoreClock                          0x20000064   Data           4  system_stm32f4xx.o(.data)
    g_nRxBuff                                0x20000068   Data          18  serial.o(.bss)
    tPIDControl                              0x2000007c   Data        4028  motor.o(.bss)
    tProfile                                 0x20001038   Data          52  motor.o(.bss)
    htim2                                    0x2000106c   Data          72  tim.o(.bss)
    htim3                                    0x200010b4   Data          72  tim.o(.bss)
    htim4                                    0x200010fc   Data          72  tim.o(.bss)
    huart2                                   0x20001144   Data          68  usart.o(.bss)
    __libspace_start                         0x20001188   Data          96  libspace.o(.bss)
    __temporary_stack_top$libspace           0x200011e8   Data           0  libspace.o(.bss)



==============================================================================

Memory Map of the image

  Image Entry point : 0x08000189

  Load Region LR_IROM1 (Base: 0x08000000, Size: 0x00004c98, Max: 0x00100000, ABSOLUTE)

    Execution Region ER_IROM1 (Exec base: 0x08000000, Load base: 0x08000000, Size: 0x00004c30, Max: 0x00100000, ABSOLUTE)

    Exec Addr    Load Addr    Size         Type   Attr      Idx    E Section Name        Object

    0x08000000   0x08000000   0x00000188   Data   RO            3    RESET               startup_stm32f407xx.o
    0x08000188   0x08000188   0x00000008   Code   RO         3341  * !!!main             c_w.l(__main.o)
    0x08000190   0x08000190   0x00000034   Code   RO         3667    !!!scatter          c_w.l(__scatter.o)
    0x080001c4   0x080001c4   0x0000001a   Code   RO         3669    !!handler_copy      c_w.l(__scatter_copy.o)
    0x080001de   0x080001de   0x00000002   PAD
    0x080001e0   0x080001e0   0x0000001c   Code   RO         3671    !!handler_zi        c_w.l(__scatter_zi.o)
    0x080001fc   0x080001fc   0x00000002   Code   RO         3602    .ARM.Collect$$libinit$$00000000  c_w.l(libinit.o)
    0x080001fe   0x080001fe   0x00000004   Code   RO         3421    .ARM.Collect$$libinit$$00000001  c_w.l(libinit2.o)
    0x08000202   0x08000202   0x00000000   Code   RO         3424    .ARM.Collect$$libinit$$00000004  c_w.l(libinit2.o)
    0x08000202   0x08000202   0x00000000   Code   RO         3427    .ARM.Collect$$libinit$$0000000A  c_w.l(libinit2.o)
    0x08000202   0x08000202   0x00000000   Code   RO         3429    .ARM.Collect$$libinit$$0000000C  c_w.l(libinit2.o)
    0x08000202   0x08000202   0x00000000   Code   RO         3431    .ARM.Collect$$libinit$$0000000E  c_w.l(libinit2.o)
    0x08000202   0x08000202   0x00000000   Code   RO         3434    .ARM.Collect$$libinit$$00000011  c_w.l(libinit2.o)
    0x08000202   0x08000202   0x00000000   Code   RO         3436    .ARM.Collect$$libinit$$00000013  c_w.l(libinit2.o)
    0x08000202   0x08000202   0x00000000   Code   RO         3438    .ARM.Collect$$libinit$$00000015  c_w.l(libinit2.o)
    0x08000202   0x08000202   0x00000000   Code   RO         3440    .ARM.Collect$$libinit$$00000017  c_w.l(libinit2.o)
    0x08000202   0x08000202   0x00000000   Code   RO         3442    .ARM.Collect$$libinit$$00000019  c_w.l(libinit2.o)
    0x08000202   0x08000202   0x00000000   Code   RO         3444    .ARM.Collect$$libinit$$0000001B  c_w.l(libinit2.o)
    0x08000202   0x08000202   0x00000000   Code   RO         3446    .ARM.Collect$$libinit$$0000001D  c_w.l(libinit2.o)
    0x08000202   0x08000202   0x00000000   Code   RO         3448    .ARM.Collect$$libinit$$0000001F  c_w.l(libinit2.o)
    0x08000202   0x08000202   0x00000000   Code   RO         3450    .ARM.Collect$$libinit$$00000021  c_w.l(libinit2.o)
    0x08000202   0x08000202   0x00000000   Code   RO         3452    .ARM.Collect$$libinit$$00000023  c_w.l(libinit2.o)
    0x08000202   0x08000202   0x00000000   Code   RO         3454    .ARM.Collect$$libinit$$00000025  c_w.l(libinit2.o)
    0x08000202   0x08000202   0x00000000   Code   RO         3458    .ARM.Collect$$libinit$$0000002C  c_w.l(libinit2.o)
    0x08000202   0x08000202   0x00000000   Code   RO         3460    .ARM.Collect$$libinit$$0000002E  c_w.l(libinit2.o)
    0x08000202   0x08000202   0x00000000   Code   RO         3462    .ARM.Collect$$libinit$$00000030  c_w.l(libinit2.o)
    0x08000202   0x08000202   0x00000000   Code   RO         3464    .ARM.Collect$$libinit$$00000032  c_w.l(libinit2.o)
    0x08000202   0x08000202   0x00000002   Code   RO         3465    .ARM.Collect$$libinit$$00000033  c_w.l(libinit2.o)
    0x08000204   0x08000204   0x00000002   Code   RO         3664    .ARM.Collect$$libshutdown$$00000000  c_w.l(libshutdown.o)
    0x08000206   0x08000206   0x00000000   Code   RO         3620    .ARM.Collect$$libshutdown$$00000002  c_w.l(libshutdown2.o)
    0x08000206   0x08000206   0x00000000   Code   RO         3622    .ARM.Collect$$libshutdown$$00000004  c_w.l(libshutdown2.o)
    0x08000206   0x08000206   0x00000000   Code   RO         3625    .ARM.Collect$$libshutdown$$00000007  c_w.l(libshutdown2.o)
    0x08000206   0x08000206   0x00000000   Code   RO         3628    .ARM.Collect$$libshutdown$$0000000A  c_w.l(libshutdown2.o)
    0x08000206   0x08000206   0x00000000   Code   RO         3630    .ARM.Collect$$libshutdown$$0000000C  c_w.l(libshutdown2.o)
    0x08000206   0x08000206   0x00000000   Code   RO         3633    .ARM.Collect$$libshutdown$$0000000F  c_w.l(libshutdown2.o)
    0x08000206   0x08000206   0x00000002   Code   RO         3634    .ARM.Collect$$libshutdown$$00000010  c_w.l(libshutdown2.o)
    0x08000208   0x08000208   0x00000000   Code   RO         3385    .ARM.Collect$$rtentry$$00000000  c_w.l(__rtentry.o)
    0x08000208   0x08000208   0x00000000   Code   RO         3528    .ARM.Collect$$rtentry$$00000002  c_w.l(__rtentry2.o)
    0x08000208   0x08000208   0x00000006   Code   RO         3540    .ARM.Collect$$rtentry$$00000004  c_w.l(__rtentry4.o)
    0x0800020e   0x0800020e   0x00000000   Code   RO         3530    .ARM.Collect$$rtentry$$00000009  c_w.l(__rtentry2.o)
    0x0800020e   0x0800020e   0x00000004   Code   RO         3531    .ARM.Collect$$rtentry$$0000000A  c_w.l(__rtentry2.o)
    0x08000212   0x08000212   0x00000000   Code   RO         3533    .ARM.Collect$$rtentry$$0000000C  c_w.l(__rtentry2.o)
    0x08000212   0x08000212   0x00000008   Code   RO         3534    .ARM.Collect$$rtentry$$0000000D  c_w.l(__rtentry2.o)
    0x0800021a   0x0800021a   0x00000002   Code   RO         3607    .ARM.Collect$$rtexit$$00000000  c_w.l(rtexit.o)
    0x0800021c   0x0800021c   0x00000000   Code   RO         3640    .ARM.Collect$$rtexit$$00000002  c_w.l(rtexit2.o)
    0x0800021c   0x0800021c   0x00000004   Code   RO         3641    .ARM.Collect$$rtexit$$00000003  c_w.l(rtexit2.o)
    0x08000220   0x08000220   0x00000006   Code   RO         3642    .ARM.Collect$$rtexit$$00000004  c_w.l(rtexit2.o)
    0x08000226   0x08000226   0x00000002   PAD
    0x08000228   0x08000228   0x00000040   Code   RO            4    .text               startup_stm32f407xx.o
    0x08000268   0x08000268   0x000000ee   Code   RO         3333    .text               c_w.l(lludivv7m.o)
    0x08000356   0x08000356   0x0000003e   Code   RO         3335    .text               c_w.l(strlen.o)
    0x08000394   0x08000394   0x0000004e   Code   RO         3337    .text               c_w.l(rt_memclr_w.o)
    0x080003e2   0x080003e2   0x00000006   Code   RO         3339    .text               c_w.l(heapauxi.o)
    0x080003e8   0x080003e8   0x00000016   Code   RO         3415    .text               c_w.l(_rserrno.o)
    0x080003fe   0x080003fe   0x00000002   PAD
    0x08000400   0x08000400   0x00000008   Code   RO         3524    .text               c_w.l(libspace.o)
    0x08000408   0x08000408   0x00000008   Code   RO         3547    .text               c_w.l(rt_errno_addr_intlibspace.o)
    0x08000410   0x08000410   0x00000002   Code   RO         3574    .text               c_w.l(use_no_semi.o)
    0x08000412   0x08000412   0x00000000   Code   RO         3576    .text               c_w.l(indicate_semi.o)
    0x08000412   0x08000412   0x0000004a   Code   RO         3577    .text               c_w.l(sys_stackheap_outer.o)
    0x0800045c   0x0800045c   0x00000012   Code   RO         3583    .text               c_w.l(exit.o)
    0x0800046e   0x0800046e   0x00000002   PAD
    0x08000470   0x08000470   0x0000000c   Code   RO         3605    .text               c_w.l(sys_exit.o)
    0x0800047c   0x0800047c   0x00000002   Code   RO          654    i.BusFault_Handler  stm32f4xx_it.o
    0x0800047e   0x0800047e   0x00000022   Code   RO          199    i.ConvertDegToPulse  motor.o
    0x080004a0   0x080004a0   0x00000022   Code   RO          200    i.ConvertPulseToDeg  motor.o
    0x080004c2   0x080004c2   0x00000002   Code   RO          655    i.DebugMon_Handler  stm32f4xx_it.o
    0x080004c4   0x080004c4   0x00000004   Code   RO          439    i.Error_Handler     main.o
    0x080004c8   0x080004c8   0x00000092   Code   RO         2207    i.HAL_DMA_Abort     stm32f4xx_hal_dma.o
    0x0800055a   0x0800055a   0x00000024   Code   RO         2208    i.HAL_DMA_Abort_IT  stm32f4xx_hal_dma.o
    0x0800057e   0x0800057e   0x00000002   PAD
    0x08000580   0x08000580   0x000001f0   Code   RO         2100    i.HAL_GPIO_Init     stm32f4xx_hal_gpio.o
    0x08000770   0x08000770   0x0000000a   Code   RO         2104    i.HAL_GPIO_WritePin  stm32f4xx_hal_gpio.o
    0x0800077a   0x0800077a   0x00000002   PAD
    0x0800077c   0x0800077c   0x0000000c   Code   RO         2632    i.HAL_GetTick       stm32f4xx_hal.o
    0x08000788   0x08000788   0x00000010   Code   RO         2638    i.HAL_IncTick       stm32f4xx_hal.o
    0x08000798   0x08000798   0x00000034   Code   RO         2639    i.HAL_Init          stm32f4xx_hal.o
    0x080007cc   0x080007cc   0x00000040   Code   RO         2640    i.HAL_InitTick      stm32f4xx_hal.o
    0x0800080c   0x0800080c   0x00000030   Code   RO          748    i.HAL_MspInit       stm32f4xx_hal_msp.o
    0x0800083c   0x0800083c   0x0000001a   Code   RO         2489    i.HAL_NVIC_EnableIRQ  stm32f4xx_hal_cortex.o
    0x08000856   0x08000856   0x00000002   PAD
    0x08000858   0x08000858   0x00000040   Code   RO         2495    i.HAL_NVIC_SetPriority  stm32f4xx_hal_cortex.o
    0x08000898   0x08000898   0x00000024   Code   RO         2496    i.HAL_NVIC_SetPriorityGrouping  stm32f4xx_hal_cortex.o
    0x080008bc   0x080008bc   0x00000134   Code   RO         1746    i.HAL_RCC_ClockConfig  stm32f4xx_hal_rcc.o
    0x080009f0   0x080009f0   0x00000020   Code   RO         1753    i.HAL_RCC_GetPCLK1Freq  stm32f4xx_hal_rcc.o
    0x08000a10   0x08000a10   0x00000020   Code   RO         1754    i.HAL_RCC_GetPCLK2Freq  stm32f4xx_hal_rcc.o
    0x08000a30   0x08000a30   0x00000060   Code   RO         1755    i.HAL_RCC_GetSysClockFreq  stm32f4xx_hal_rcc.o
    0x08000a90   0x08000a90   0x0000036c   Code   RO         1758    i.HAL_RCC_OscConfig  stm32f4xx_hal_rcc.o
    0x08000dfc   0x08000dfc   0x00000028   Code   RO         2500    i.HAL_SYSTICK_Config  stm32f4xx_hal_cortex.o
    0x08000e24   0x08000e24   0x00000002   Code   RO         1478    i.HAL_TIMEx_BreakCallback  stm32f4xx_hal_tim_ex.o
    0x08000e26   0x08000e26   0x00000002   Code   RO         1479    i.HAL_TIMEx_CommutCallback  stm32f4xx_hal_tim_ex.o
    0x08000e28   0x08000e28   0x00000090   Code   RO         1497    i.HAL_TIMEx_MasterConfigSynchronization  stm32f4xx_hal_tim_ex.o
    0x08000eb8   0x08000eb8   0x0000005a   Code   RO          774    i.HAL_TIM_Base_Init  stm32f4xx_hal_tim.o
    0x08000f12   0x08000f12   0x00000002   PAD
    0x08000f14   0x08000f14   0x00000038   Code   RO          529    i.HAL_TIM_Base_MspInit  tim.o
    0x08000f4c   0x08000f4c   0x00000080   Code   RO          779    i.HAL_TIM_Base_Start_IT  stm32f4xx_hal_tim.o
    0x08000fcc   0x08000fcc   0x000000dc   Code   RO          783    i.HAL_TIM_ConfigClockSource  stm32f4xx_hal_tim.o
    0x080010a8   0x080010a8   0x000000a4   Code   RO          795    i.HAL_TIM_Encoder_Init  stm32f4xx_hal_tim.o
    0x0800114c   0x0800114c   0x00000068   Code   RO          531    i.HAL_TIM_Encoder_MspInit  tim.o
    0x080011b4   0x080011b4   0x0000008e   Code   RO          798    i.HAL_TIM_Encoder_Start  stm32f4xx_hal_tim.o
    0x08001242   0x08001242   0x00000002   Code   RO          808    i.HAL_TIM_IC_CaptureCallback  stm32f4xx_hal_tim.o
    0x08001244   0x08001244   0x00000166   Code   RO          822    i.HAL_TIM_IRQHandler  stm32f4xx_hal_tim.o
    0x080013aa   0x080013aa   0x00000002   PAD
    0x080013ac   0x080013ac   0x00000050   Code   RO          532    i.HAL_TIM_MspPostInit  tim.o
    0x080013fc   0x080013fc   0x00000002   Code   RO          825    i.HAL_TIM_OC_DelayElapsedCallback  stm32f4xx_hal_tim.o
    0x080013fe   0x080013fe   0x000000cc   Code   RO          846    i.HAL_TIM_PWM_ConfigChannel  stm32f4xx_hal_tim.o
    0x080014ca   0x080014ca   0x0000005a   Code   RO          849    i.HAL_TIM_PWM_Init  stm32f4xx_hal_tim.o
    0x08001524   0x08001524   0x0000003c   Code   RO          534    i.HAL_TIM_PWM_MspInit  tim.o
    0x08001560   0x08001560   0x00000002   Code   RO          852    i.HAL_TIM_PWM_PulseFinishedCallback  stm32f4xx_hal_tim.o
    0x08001562   0x08001562   0x00000002   PAD
    0x08001564   0x08001564   0x000000c8   Code   RO          854    i.HAL_TIM_PWM_Start  stm32f4xx_hal_tim.o
    0x0800162c   0x0800162c   0x000000f4   Code   RO          856    i.HAL_TIM_PWM_Start_IT  stm32f4xx_hal_tim.o
    0x08001720   0x08001720   0x00000068   Code   RO          440    i.HAL_TIM_PeriodElapsedCallback  main.o
    0x08001788   0x08001788   0x00000002   Code   RO          865    i.HAL_TIM_TriggerCallback  stm32f4xx_hal_tim.o
    0x0800178a   0x0800178a   0x00000002   Code   RO         2888    i.HAL_UARTEx_RxEventCallback  stm32f4xx_hal_uart.o
    0x0800178c   0x0800178c   0x00000002   Code   RO         2902    i.HAL_UART_ErrorCallback  stm32f4xx_hal_uart.o
    0x0800178e   0x0800178e   0x00000002   PAD
    0x08001790   0x08001790   0x00000268   Code   RO         2905    i.HAL_UART_IRQHandler  stm32f4xx_hal_uart.o
    0x080019f8   0x080019f8   0x00000062   Code   RO         2906    i.HAL_UART_Init     stm32f4xx_hal_uart.o
    0x08001a5a   0x08001a5a   0x00000002   PAD
    0x08001a5c   0x08001a5c   0x00000078   Code   RO          613    i.HAL_UART_MspInit  usart.o
    0x08001ad4   0x08001ad4   0x0000002a   Code   RO         2911    i.HAL_UART_Receive_IT  stm32f4xx_hal_uart.o
    0x08001afe   0x08001afe   0x00000002   PAD
    0x08001b00   0x08001b00   0x00000024   Code   RO           13    i.HAL_UART_RxCpltCallback  serial.o
    0x08001b24   0x08001b24   0x000000b2   Code   RO         2914    i.HAL_UART_Transmit  stm32f4xx_hal_uart.o
    0x08001bd6   0x08001bd6   0x00000002   Code   RO         2917    i.HAL_UART_TxCpltCallback  stm32f4xx_hal_uart.o
    0x08001bd8   0x08001bd8   0x00000002   Code   RO          656    i.HardFault_Handler  stm32f4xx_it.o
    0x08001bda   0x08001bda   0x00000002   PAD
    0x08001bdc   0x08001bdc   0x000000a4   Code   RO          504    i.MX_GPIO_Init      gpio.o
    0x08001c80   0x08001c80   0x00000064   Code   RO          535    i.MX_TIM2_Init      tim.o
    0x08001ce4   0x08001ce4   0x00000084   Code   RO          536    i.MX_TIM3_Init      tim.o
    0x08001d68   0x08001d68   0x0000006c   Code   RO          537    i.MX_TIM4_Init      tim.o
    0x08001dd4   0x08001dd4   0x00000038   Code   RO          614    i.MX_USART2_UART_Init  usart.o
    0x08001e0c   0x08001e0c   0x00000002   Code   RO          657    i.MemManage_Handler  stm32f4xx_it.o
    0x08001e0e   0x08001e0e   0x00000002   PAD
    0x08001e10   0x08001e10   0x00000060   Code   RO          202    i.MotorInit         motor.o
    0x08001e70   0x08001e70   0x000000f0   Code   RO          203    i.MotorMovePos      motor.o
    0x08001f60   0x08001f60   0x00000020   Code   RO          204    i.MotorSetDir       motor.o
    0x08001f80   0x08001f80   0x00000018   Code   RO          205    i.MotorSetDuty      motor.o
    0x08001f98   0x08001f98   0x00000018   Code   RO          206    i.MotorSetDutyCW    motor.o
    0x08001fb0   0x08001fb0   0x0000008c   Code   RO          207    i.MotorTuning       motor.o
    0x0800203c   0x0800203c   0x00000002   Code   RO          658    i.NMI_Handler       stm32f4xx_it.o
    0x0800203e   0x0800203e   0x00000002   PAD
    0x08002040   0x08002040   0x00000074   Code   RO          388    i.PIDCompute        pid.o
    0x080020b4   0x080020b4   0x00000028   Code   RO          389    i.PIDInit           pid.o
    0x080020dc   0x080020dc   0x0000001c   Code   RO          390    i.PIDReset          pid.o
    0x080020f8   0x080020f8   0x000000dc   Code   RO          391    i.PIDSpeed          pid.o
    0x080021d4   0x080021d4   0x00000002   Code   RO          659    i.PendSV_Handler    stm32f4xx_it.o
    0x080021d6   0x080021d6   0x00000002   Code   RO          660    i.SVC_Handler       stm32f4xx_it.o
    0x080021d8   0x080021d8   0x00000014   Code   RO           14    i.SerialAcceptReceive  serial.o
    0x080021ec   0x080021ec   0x00000014   Code   RO           15    i.SerialInit        serial.o
    0x08002200   0x08002200   0x00000060   Code   RO           16    i.SerialParse       serial.o
    0x08002260   0x08002260   0x0000001c   Code   RO           18    i.StrCompare        serial.o
    0x0800227c   0x0800227c   0x00000004   Code   RO          661    i.SysTick_Handler   stm32f4xx_it.o
    0x08002280   0x08002280   0x00000098   Code   RO          441    i.SystemClock_Config  main.o
    0x08002318   0x08002318   0x00000010   Code   RO         3235    i.SystemInit        system_stm32f4xx.o
    0x08002328   0x08002328   0x0000000c   Code   RO          662    i.TIM2_IRQHandler   stm32f4xx_it.o
    0x08002334   0x08002334   0x0000000c   Code   RO          663    i.TIM3_IRQHandler   stm32f4xx_it.o
    0x08002340   0x08002340   0x000000c8   Code   RO          867    i.TIM_Base_SetConfig  stm32f4xx_hal_tim.o
    0x08002408   0x08002408   0x0000001a   Code   RO          868    i.TIM_CCxChannelCmd  stm32f4xx_hal_tim.o
    0x08002422   0x08002422   0x00000014   Code   RO          878    i.TIM_ETR_SetConfig  stm32f4xx_hal_tim.o
    0x08002436   0x08002436   0x00000010   Code   RO          879    i.TIM_ITRx_SetConfig  stm32f4xx_hal_tim.o
    0x08002446   0x08002446   0x00000002   PAD
    0x08002448   0x08002448   0x00000060   Code   RO          880    i.TIM_OC1_SetConfig  stm32f4xx_hal_tim.o
    0x080024a8   0x080024a8   0x0000006c   Code   RO          881    i.TIM_OC2_SetConfig  stm32f4xx_hal_tim.o
    0x08002514   0x08002514   0x00000068   Code   RO          882    i.TIM_OC3_SetConfig  stm32f4xx_hal_tim.o
    0x0800257c   0x0800257c   0x00000050   Code   RO          883    i.TIM_OC4_SetConfig  stm32f4xx_hal_tim.o
    0x080025cc   0x080025cc   0x00000022   Code   RO          885    i.TIM_TI1_ConfigInputStage  stm32f4xx_hal_tim.o
    0x080025ee   0x080025ee   0x00000024   Code   RO          887    i.TIM_TI2_ConfigInputStage  stm32f4xx_hal_tim.o
    0x08002612   0x08002612   0x00000010   Code   RO         2919    i.UART_DMAAbortOnError  stm32f4xx_hal_uart.o
    0x08002622   0x08002622   0x0000004e   Code   RO         2929    i.UART_EndRxTransfer  stm32f4xx_hal_uart.o
    0x08002670   0x08002670   0x000000c0   Code   RO         2931    i.UART_Receive_IT   stm32f4xx_hal_uart.o
    0x08002730   0x08002730   0x0000010c   Code   RO         2932    i.UART_SetConfig    stm32f4xx_hal_uart.o
    0x0800283c   0x0800283c   0x00000036   Code   RO         2934    i.UART_Start_Receive_IT  stm32f4xx_hal_uart.o
    0x08002872   0x08002872   0x00000078   Code   RO         2935    i.UART_WaitOnFlagUntilTimeout  stm32f4xx_hal_uart.o
    0x080028ea   0x080028ea   0x00000002   PAD
    0x080028ec   0x080028ec   0x0000000c   Code   RO          664    i.USART2_IRQHandler  stm32f4xx_it.o
    0x080028f8   0x080028f8   0x00000002   Code   RO          665    i.UsageFault_Handler  stm32f4xx_it.o
    0x080028fa   0x080028fa   0x00000030   Code   RO         3505    i.__ARM_fpclassify  m_wm.l(fpclassify.o)
    0x0800292a   0x0800292a   0x00000020   Code   RO         2502    i.__NVIC_SetPriority  stm32f4xx_hal_cortex.o
    0x0800294a   0x0800294a   0x00000006   PAD
    0x08002950   0x08002950   0x00000c50   Code   RO         3365    i.__hardfp_pow      m_wm.l(pow.o)
    0x080035a0   0x080035a0   0x000000e0   Code   RO         3379    i.__hardfp_round    m_wm.l(round.o)
    0x08003680   0x08003680   0x000000f8   Code   RO         3507    i.__kernel_poly     m_wm.l(poly.o)
    0x08003778   0x08003778   0x00000030   Code   RO         3485    i.__mathlib_dbl_divzero  m_wm.l(dunder.o)
    0x080037a8   0x080037a8   0x00000014   Code   RO         3487    i.__mathlib_dbl_infnan2  m_wm.l(dunder.o)
    0x080037bc   0x080037bc   0x00000004   PAD
    0x080037c0   0x080037c0   0x00000020   Code   RO         3488    i.__mathlib_dbl_invalid  m_wm.l(dunder.o)
    0x080037e0   0x080037e0   0x00000020   Code   RO         3489    i.__mathlib_dbl_overflow  m_wm.l(dunder.o)
    0x08003800   0x08003800   0x00000020   Code   RO         3491    i.__mathlib_dbl_underflow  m_wm.l(dunder.o)
    0x08003820   0x08003820   0x00000018   Code   RO         3501    i.fabs              m_wm.l(fabs.o)
    0x08003838   0x08003838   0x000004a2   Code   RO          442    i.main              main.o
    0x08003cda   0x08003cda   0x0000006e   Code   RO         3512    i.sqrt              m_wm.l(sqrt.o)
    0x08003d48   0x08003d48   0x00000022   Code   RO           19    i.subString         serial.o
    0x08003d6a   0x08003d6a   0x00000018   Code   RO         3466    x$fpl$basic         fz_wm.l(basic.o)
    0x08003d82   0x08003d82   0x00000002   PAD
    0x08003d84   0x08003d84   0x00000062   Code   RO         3343    x$fpl$d2f           fz_wm.l(d2f.o)
    0x08003de6   0x08003de6   0x00000002   PAD
    0x08003de8   0x08003de8   0x00000150   Code   RO         3345    x$fpl$dadd          fz_wm.l(daddsub_clz.o)
    0x08003f38   0x08003f38   0x00000010   Code   RO         3566    x$fpl$dcheck1       fz_wm.l(dcheck1.o)
    0x08003f48   0x08003f48   0x00000018   Code   RO         3568    x$fpl$dcmpinf       fz_wm.l(dcmpi.o)
    0x08003f60   0x08003f60   0x000002b0   Code   RO         3352    x$fpl$ddiv          fz_wm.l(ddiv.o)
    0x08004210   0x08004210   0x0000002e   Code   RO         3356    x$fpl$dflt          fz_wm.l(dflt_clz.o)
    0x0800423e   0x0800423e   0x00000026   Code   RO         3355    x$fpl$dfltu         fz_wm.l(dflt_clz.o)
    0x08004264   0x08004264   0x00000078   Code   RO         3468    x$fpl$dleqf         fz_wm.l(dleqf.o)
    0x080042dc   0x080042dc   0x00000154   Code   RO         3361    x$fpl$dmul          fz_wm.l(dmul.o)
    0x08004430   0x08004430   0x0000009c   Code   RO         3470    x$fpl$dnaninf       fz_wm.l(dnaninf.o)
    0x080044cc   0x080044cc   0x0000000c   Code   RO         3472    x$fpl$dretinf       fz_wm.l(dretinf.o)
    0x080044d8   0x080044d8   0x0000006c   Code   RO         3474    x$fpl$drleqf        fz_wm.l(drleqf.o)
    0x08004544   0x08004544   0x000000b4   Code   RO         3476    x$fpl$drnd          fz_wm.l(drnd.o)
    0x080045f8   0x080045f8   0x00000016   Code   RO         3346    x$fpl$drsb          fz_wm.l(daddsub_clz.o)
    0x0800460e   0x0800460e   0x00000002   PAD
    0x08004610   0x08004610   0x00000198   Code   RO         3570    x$fpl$dsqrt         fz_wm.l(dsqrt_umaal.o)
    0x080047a8   0x080047a8   0x000001d4   Code   RO         3347    x$fpl$dsub          fz_wm.l(daddsub_clz.o)
    0x0800497c   0x0800497c   0x00000056   Code   RO         3363    x$fpl$f2d           fz_wm.l(f2d.o)
    0x080049d2   0x080049d2   0x0000008c   Code   RO         3478    x$fpl$fnaninf       fz_wm.l(fnaninf.o)
    0x08004a5e   0x08004a5e   0x0000000a   Code   RO         3572    x$fpl$fpinit        fz_wm.l(fpinit.o)
    0x08004a68   0x08004a68   0x0000000a   Code   RO         3480    x$fpl$fretinf       fz_wm.l(fretinf.o)
    0x08004a72   0x08004a72   0x00000064   Code   RO         3603    x$fpl$retnan        fz_wm.l(retnan.o)
    0x08004ad6   0x08004ad6   0x0000005c   Code   RO         3482    x$fpl$scalbn        fz_wm.l(scalbn.o)
    0x08004b32   0x08004b32   0x00000030   Code   RO         3635    x$fpl$trapveneer    fz_wm.l(trapv.o)
    0x08004b62   0x08004b62   0x00000000   Code   RO         3484    x$fpl$usenofp       fz_wm.l(usenofp.o)
    0x08004b62   0x08004b62   0x00000010   Data   RO         3236    .constdata          system_stm32f4xx.o
    0x08004b72   0x08004b72   0x00000008   Data   RO         3237    .constdata          system_stm32f4xx.o
    0x08004b7a   0x08004b7a   0x00000006   PAD
    0x08004b80   0x08004b80   0x00000088   Data   RO         3368    .constdata          m_wm.l(pow.o)
    0x08004c08   0x08004c08   0x00000008   Data   RO         3509    .constdata          m_wm.l(qnan.o)
    0x08004c10   0x08004c10   0x00000020   Data   RO         3665    Region$$Table       anon$$obj.o


    Execution Region RW_IRAM1 (Exec base: 0x20000000, Load base: 0x08004c30, Size: 0x000017e8, Max: 0x0001c000, ABSOLUTE)

    Exec Addr    Load Addr    Size         Type   Attr      Idx    E Section Name        Object

    0x20000000   0x08004c30   0x00000013   Data   RW           21    .data               serial.o
    0x20000013   0x08004c43   0x00000001   PAD
    0x20000014   0x08004c44   0x00000014   Data   RW          209    .data               motor.o
    0x20000028   0x08004c58   0x0000000c   Data   RW          393    .data               pid.o
    0x20000034   0x08004c64   0x00000024   Data   RW          444    .data               main.o
    0x20000058   0x08004c88   0x0000000c   Data   RW         2646    .data               stm32f4xx_hal.o
    0x20000064   0x08004c94   0x00000004   Data   RW         3238    .data               system_stm32f4xx.o
    0x20000068        -       0x00000012   Zero   RW           20    .bss                serial.o
    0x2000007a   0x08004c98   0x00000002   PAD
    0x2000007c        -       0x00000ff0   Zero   RW          208    .bss                motor.o
    0x2000106c        -       0x000000d8   Zero   RW          538    .bss                tim.o
    0x20001144        -       0x00000044   Zero   RW          615    .bss                usart.o
    0x20001188        -       0x00000060   Zero   RW         3525    .bss                c_w.l(libspace.o)
    0x200011e8        -       0x00000200   Zero   RW            2    HEAP                startup_stm32f407xx.o
    0x200013e8        -       0x00000400   Zero   RW            1    STACK               startup_stm32f407xx.o


    Execution Region RW_IRAM2 (Exec base: 0x2001c000, Load base: 0x08004c98, Size: 0x00000000, Max: 0x00004000, ABSOLUTE)

    **** No section assigned to this execution region ****


==============================================================================

Image component sizes


      Code (inc. data)   RO Data    RW Data    ZI Data      Debug   Object Name

       164         14          0          0          0       1059   gpio.o
      1446        194          0         36          0       5563   main.o
       624        102          0         20       4080       6524   motor.o
       404         44          0         12          0       3292   pid.o
       234         44          0         19         18     694540   serial.o
        64         26        392          0       1536        872   startup_stm32f407xx.o
       144         24          0         12          0       8977   stm32f4xx_hal.o
       198         14          0          0          0      34119   stm32f4xx_hal_cortex.o
       182          0          0          0          0       2183   stm32f4xx_hal_dma.o
       506         46          0          0          0       2276   stm32f4xx_hal_gpio.o
        48          6          0          0          0        914   stm32f4xx_hal_msp.o
      1344         72          0          0          0       5408   stm32f4xx_hal_rcc.o
      2568        164          0          0          0      20030   stm32f4xx_hal_tim.o
       148         28          0          0          0       2569   stm32f4xx_hal_tim_ex.o
      1668         16          0          0          0      11756   stm32f4xx_hal_uart.o
        56         18          0          0          0       5914   stm32f4xx_it.o
        16          4         24          4          0       1211   system_stm32f4xx.o
       640         66          0          0        216       5218   tim.o
       176         20          0          0         68       1838   usart.o

    ----------------------------------------------------------------------
     10664        902        454        104       5920     814263   Object Totals
         0          0         32          0          0          0   (incl. Generated)
        34          0          6          1          2          0   (incl. Padding)

    ----------------------------------------------------------------------

      Code (inc. data)   RO Data    RW Data    ZI Data      Debug   Library Member Name

         8          0          0          0          0         68   __main.o
         0          0          0          0          0          0   __rtentry.o
        12          0          0          0          0          0   __rtentry2.o
         6          0          0          0          0          0   __rtentry4.o
        52          8          0          0          0          0   __scatter.o
        26          0          0          0          0          0   __scatter_copy.o
        28          0          0          0          0          0   __scatter_zi.o
        22          0          0          0          0        100   _rserrno.o
        18          0          0          0          0         80   exit.o
         6          0          0          0          0        152   heapauxi.o
         0          0          0          0          0          0   indicate_semi.o
         2          0          0          0          0          0   libinit.o
         6          0          0          0          0          0   libinit2.o
         2          0          0          0          0          0   libshutdown.o
         2          0          0          0          0          0   libshutdown2.o
         8          4          0          0         96         68   libspace.o
       238          0          0          0          0        100   lludivv7m.o
         8          4          0          0          0         68   rt_errno_addr_intlibspace.o
        78          0          0          0          0         80   rt_memclr_w.o
         2          0          0          0          0          0   rtexit.o
        10          0          0          0          0          0   rtexit2.o
        62          0          0          0          0         76   strlen.o
        12          4          0          0          0         68   sys_exit.o
        74          0          0          0          0         80   sys_stackheap_outer.o
         2          0          0          0          0         68   use_no_semi.o
        24          0          0          0          0        164   basic.o
        98          4          0          0          0        140   d2f.o
       826         16          0          0          0        492   daddsub_clz.o
        16          4          0          0          0        116   dcheck1.o
        24          0          0          0          0        116   dcmpi.o
       688        140          0          0          0        256   ddiv.o
        84          0          0          0          0        232   dflt_clz.o
       120          4          0          0          0        140   dleqf.o
       340         12          0          0          0        152   dmul.o
       156          4          0          0          0        140   dnaninf.o
        12          0          0          0          0        116   dretinf.o
       108          0          0          0          0        128   drleqf.o
       180          4          0          0          0        128   drnd.o
       408         56          0          0          0        168   dsqrt_umaal.o
        86          4          0          0          0        132   f2d.o
       140          4          0          0          0        132   fnaninf.o
        10          0          0          0          0        116   fpinit.o
        10          0          0          0          0        116   fretinf.o
       100          0          0          0          0        116   retnan.o
        92          0          0          0          0        116   scalbn.o
        48          0          0          0          0        116   trapv.o
         0          0          0          0          0          0   usenofp.o
       164         44          0          0          0        620   dunder.o
        24          0          0          0          0        124   fabs.o
        48          0          0          0          0        124   fpclassify.o
       248          0          0          0          0        152   poly.o
      3152        296        136          0          0        352   pow.o
         0          0          8          0          0          0   qnan.o
       224         30          0          0          0        172   round.o
       110          0          0          0          0        148   sqrt.o

    ----------------------------------------------------------------------
      8242        642        144          0         96       6032   Library Totals
        18          0          0          0          0          0   (incl. Padding)

    ----------------------------------------------------------------------

      Code (inc. data)   RO Data    RW Data    ZI Data      Debug   Library Name

       684         20          0          0         96       1008   c_w.l
      3570        252          0          0          0       3332   fz_wm.l
      3970        370        144          0          0       1692   m_wm.l

    ----------------------------------------------------------------------
      8242        642        144          0         96       6032   Library Totals

    ----------------------------------------------------------------------

==============================================================================


      Code (inc. data)   RO Data    RW Data    ZI Data      Debug   

     18906       1544        598        104       6016     807179   Grand Totals
     18906       1544        598        104       6016     807179   ELF Image Totals
     18906       1544        598        104          0          0   ROM Totals

==============================================================================

    Total RO  Size (Code + RO Data)                19504 (  19.05kB)
    Total RW  Size (RW Data + ZI Data)              6120 (   5.98kB)
    Total ROM Size (Code + RO Data + RW Data)      19608 (  19.15kB)

==============================================================================

