<html>
<body>
<pre>
<h1>µVision Build Log</h1>
<h2>Tool Versions:</h2>
IDE-Version: µVision V5.31.0.0
Copyright (C) 2020 ARM Ltd and ARM Germany GmbH. All rights reserved.
License Information: Kien Nguyen, Kiennguyen, LIC=----
 
Tool Versions:
Toolchain:       MDK-Lite  Version: 5.31.0.0
Toolchain Path:  C:\Keil_v5\ARM\ARMCC\Bin
C Compiler:      Armcc.exe V5.06 update 6 (build 750)
Assembler:       Armasm.exe V5.06 update 6 (build 750)
Linker/Locator:  ArmLink.exe V5.06 update 6 (build 750)
Library Manager: ArmAr.exe V5.06 update 6 (build 750)
Hex Converter:   FromElf.exe V5.06 update 6 (build 750)
CPU DLL:         SARMCM3.DLL V5.31.0.0
Dialog DLL:      DCM.DLL V1.17.3.0
Target DLL:      STLink\ST-LINKIII-KEIL_SWO.dll V3.0.7.0
Dialog DLL:      TCM.DLL V1.46.0.0
 
<h2>Project:</h2>
C:\Users\proyt\Desktop\HocTap\CubeMX_project\doan\MDK-ARM\Motor_control.uvprojx
Project File Date:  04/25/2022

<h2>Output:</h2>
*** Using Compiler 'V5.06 update 6 (build 750)', folder: 'C:\Keil_v5\ARM\ARMCC\Bin'
Build target 'Motor_control'
compiling pid.c...
..\Core\Src\pid.c(57): warning:  #1035-D: single-precision operand implicitly converted to double-precision
  	outpid = (PID_Ctrl->dKp*error) + PID_Ctrl->dKi * 0.005 * PID_Ctrl->dIntergral+ (PID_Ctrl->dKd*(error - last_error)/0.01);
..\Core\Src\pid.c(57): warning:  #1035-D: single-precision operand implicitly converted to double-precision
  	outpid = (PID_Ctrl->dKp*error) + PID_Ctrl->dKi * 0.005 * PID_Ctrl->dIntergral+ (PID_Ctrl->dKd*(error - last_error)/0.01);
..\Core\Src\pid.c: 2 warnings, 0 errors
linking...
Program Size: Code=18906 RO-data=598 RW-data=104 ZI-data=6016  
FromELF: creating hex file...
"Motor_control\Motor_control.axf" - 0 Error(s), 2 Warning(s).

<h2>Software Packages used:</h2>

Package Vendor: ARM
                http://www.keil.com/pack/ARM.CMSIS.5.7.0.pack
                ARM.CMSIS.5.7.0
                CMSIS (Cortex Microcontroller Software Interface Standard)
   * Component: CORE Version: 5.4.0

Package Vendor: Keil
                http://www.keil.com/pack/Keil.STM32F4xx_DFP.2.16.0.pack
                Keil.STM32F4xx_DFP.2.16.0
                STMicroelectronics STM32F4 Series Device Support, Drivers and Examples

<h2>Collection of Component include folders:</h2>
  .\RTE\_Motor_control
  C:\Users\proyt\AppData\Local\Arm\Packs\ARM\CMSIS\5.7.0\CMSIS\Core\Include
  C:\Users\proyt\AppData\Local\Arm\Packs\Keil\STM32F4xx_DFP\2.16.0\Drivers\CMSIS\Device\ST\STM32F4xx\Include

<h2>Collection of Component Files used:</h2>

   * Component: ARM::CMSIS:CORE:5.4.0
      Include file:  CMSIS\Core\Include\tz_context.h
Build Time Elapsed:  00:00:09
</pre>
</body>
</html>
